<html>
<body>
<pre>
<h1>礦ision Build Log</h1>
<h2>Project:</h2>
F:\SZP\项目\单灯控制器TCPIP版\NORMAL\程序软件\BC35\MDK-ARM\StreetLightsControler.uvproj
Project File Date:  04/02/2019

<h2>Output:</h2>
Build target 'StreetLightsControler'
linking...
Program Size: Code=38994 RO-data=878 RW-data=1036 ZI-data=40484  
FromELF: creating hex file...
After Build - User command #1: C:\Keil\ARM\ARMCC\bin\fromelf.exe  --bin -o   ..\OUTPUT\Obj\SLC.bin ..\OUTPUT\Obj\StreetLightsControler.axf
"..\OUTPUT\Obj\StreetLightsControler.axf" - 0 Errors, 0 Warning(s).
Clean started: Project: 'StreetLightsControler'
   deleting intermediate output files for target 'StreetLightsControler'
