ARM Linker, 5.03 [Build 76] [MDK-ARM Standard]

==============================================================================

Section Cross References

    main.o(i.main) refers to sys.o(i.IWDG_Init) for IWDG_Init
    main.o(i.main) refers to stm32f10x_rcc.o(i.RCC_GetClocksFreq) for RCC_GetClocksFreq
    main.o(i.main) refers to sys.o(i.NVIC_Configuration) for NVIC_Configuration
    main.o(i.main) refers to delay.o(i.delay_init) for delay_init
    main.o(i.main) refers to rtc.o(i.RTC_Init) for RTC_Init
    main.o(i.main) refers to 24cxx.o(i.AT24CXX_Init) for AT24CXX_Init
    main.o(i.main) refers to dac.o(i.DAC1_Init) for DAC1_Init
    main.o(i.main) refers to led.o(i.LED_Init) for LED_Init
    main.o(i.main) refers to inventr.o(i.RELAY_Init) for RELAY_Init
    main.o(i.main) refers to cd4051b.o(i.CD4051B_Init) for CD4051B_Init
    main.o(i.main) refers to usart.o(i.TIM2_Init) for TIM2_Init
    main.o(i.main) refers to pwm.o(i.TIM5_Int_Init) for TIM5_Int_Init
    main.o(i.main) refers to usart.o(i.USART1_Init) for USART1_Init
    main.o(i.main) refers to usart.o(i.USART3_Init) for USART3_Init
    main.o(i.main) refers to usart2.o(i.USART2_Init) for USART2_Init
    main.o(i.main) refers to usart.o(i.UART4_Init) for UART4_Init
    main.o(i.main) refers to usart.o(i.UART5_Init) for UART5_Init
    main.o(i.main) refers to malloc.o(i.mem_init) for mem_init
    main.o(i.main) refers to sys.o(i.IWDG_Feed) for IWDG_Feed
    main.o(i.main) refers to common.o(i.ReadParametersFromEEPROM) for ReadParametersFromEEPROM
    main.o(i.main) refers to rtos_task.o(i.AppObjCreate) for AppObjCreate
    main.o(i.main) refers to rtos_task.o(i.AppTaskCreate) for AppTaskCreate
    main.o(i.main) refers to tasks.o(i.vTaskStartScheduler) for vTaskStartScheduler
    main.o(i.main) refers to delay.o(i.delay_ms) for delay_ms
    main.o(i.main) refers to main.o(.bss) for .bss
    common.o(i.CRC16) refers to common.o(.data) for .data
    common.o(i.CRC32) refers to common.o(.constdata) for .constdata
    common.o(i.CopyStrToPointer) refers to malloc.o(i.myfree) for myfree
    common.o(i.CopyStrToPointer) refers to malloc.o(i.mymalloc) for mymalloc
    common.o(i.CopyStrToPointer) refers to rt_memclr.o(.text) for __aeabi_memclr
    common.o(i.CopyStrToPointer) refers to rt_memcpy_v6.o(.text) for __aeabi_memcpy
    common.o(i.GetAPN) refers to common.o(i.GetMemoryForString) for GetMemoryForString
    common.o(i.GetAPN) refers to common.o(.bss) for .bss
    common.o(i.GetAPN) refers to common.o(.data) for .data
    common.o(i.GetDeviceICCID) refers to common.o(i.GetMemoryForString) for GetMemoryForString
    common.o(i.GetDeviceICCID) refers to common.o(.bss) for .bss
    common.o(i.GetDeviceICCID) refers to common.o(.data) for .data
    common.o(i.GetDeviceID) refers to common.o(i.GetMemoryForString) for GetMemoryForString
    common.o(i.GetDeviceID) refers to common.o(.bss) for .bss
    common.o(i.GetDeviceID) refers to common.o(.data) for .data
    common.o(i.GetDeviceIMSI) refers to common.o(i.GetMemoryForString) for GetMemoryForString
    common.o(i.GetDeviceIMSI) refers to common.o(.bss) for .bss
    common.o(i.GetDeviceIMSI) refers to common.o(.data) for .data
    common.o(i.GetDeviceName) refers to common.o(i.GetMemoryForString) for GetMemoryForString
    common.o(i.GetDeviceName) refers to common.o(.bss) for .bss
    common.o(i.GetDeviceName) refers to common.o(.data) for .data
    common.o(i.GetDeviceUUID) refers to common.o(i.GetMemoryForString) for GetMemoryForString
    common.o(i.GetDeviceUUID) refers to common.o(.bss) for .bss
    common.o(i.GetDeviceUUID) refers to common.o(.data) for .data
    common.o(i.GetMemoryForString) refers to common.o(i.GetDatBit) for GetDatBit
    common.o(i.GetMemoryForString) refers to malloc.o(i.mymalloc) for mymalloc
    common.o(i.GetMemoryForString) refers to strlen.o(.text) for strlen
    common.o(i.GetMemoryForString) refers to malloc.o(i.myfree) for myfree
    common.o(i.GetMemoryForString) refers to rt_memclr.o(.text) for __aeabi_memclr
    common.o(i.GetMemoryForString) refers to common.o(i.IntToString) for IntToString
    common.o(i.GetMemoryForString) refers to rt_memcpy_v6.o(.text) for __aeabi_memcpy
    common.o(i.GetServerDomain) refers to common.o(i.GetMemoryForString) for GetMemoryForString
    common.o(i.GetServerDomain) refers to common.o(.bss) for .bss
    common.o(i.GetServerDomain) refers to common.o(.data) for .data
    common.o(i.GetServerIP) refers to common.o(i.GetMemoryForString) for GetMemoryForString
    common.o(i.GetServerIP) refers to common.o(.bss) for .bss
    common.o(i.GetServerIP) refers to common.o(.data) for .data
    common.o(i.GetServerPort) refers to common.o(i.GetMemoryForString) for GetMemoryForString
    common.o(i.GetServerPort) refers to common.o(.bss) for .bss
    common.o(i.GetServerPort) refers to common.o(.data) for .data
    common.o(i.GetSysTick100ms) refers to common.o(.data) for .data
[...]
    SysTick100msAdder                        0x0800e06d   Thumb Code    10  common.o(i.SysTick100msAdder)
    SysTick10msAdder                         0x0800e07d   Thumb Code    10  common.o(i.SysTick10msAdder)
    SysTick1msAdder                          0x0800e08d   Thumb Code    10  common.o(i.SysTick1msAdder)
    SysTick_CLKSourceConfig                  0x0800e09d   Thumb Code    24  misc.o(i.SysTick_CLKSourceConfig)
    SysTick_Handler                          0x0800e0b5   Thumb Code    24  delay.o(i.SysTick_Handler)
    SystemInit                               0x0800e0d1   Thumb Code    64  system_stm32f10x.o(i.SystemInit)
    TIM2_IRQHandler                          0x0800e121   Thumb Code    72  usart.o(i.TIM2_IRQHandler)
    TIM2_Init                                0x0800e16d   Thumb Code    64  usart.o(i.TIM2_Init)
    TIM5_Int_Init                            0x0800e1ad   Thumb Code   142  pwm.o(i.TIM5_Int_Init)
    TIM_ARRPreloadConfig                     0x0800e245   Thumb Code    20  stm32f10x_tim.o(i.TIM_ARRPreloadConfig)
    TIM_ClearITPendingBit                    0x0800e259   Thumb Code     6  stm32f10x_tim.o(i.TIM_ClearITPendingBit)
    TIM_Cmd                                  0x0800e25f   Thumb Code    20  stm32f10x_tim.o(i.TIM_Cmd)
    TIM_CtrlPWMOutputs                       0x0800e273   Thumb Code    22  stm32f10x_tim.o(i.TIM_CtrlPWMOutputs)
    TIM_GetITStatus                          0x0800e289   Thumb Code    24  stm32f10x_tim.o(i.TIM_GetITStatus)
    TIM_ITConfig                             0x0800e2a1   Thumb Code    16  stm32f10x_tim.o(i.TIM_ITConfig)
    TIM_OC2Init                              0x0800e2b1   Thumb Code   120  stm32f10x_tim.o(i.TIM_OC2Init)
    TIM_OC2PreloadConfig                     0x0800e331   Thumb Code    20  stm32f10x_tim.o(i.TIM_OC2PreloadConfig)
    TIM_SetCompare2                          0x0800e345   Thumb Code     4  stm32f10x_tim.o(i.TIM_SetCompare2)
    TIM_TimeBaseInit                         0x0800e349   Thumb Code   114  stm32f10x_tim.o(i.TIM_TimeBaseInit)
    TryToConnectToServer                     0x0800e3e5   Thumb Code    48  task_net.o(i.TryToConnectToServer)
    UART4_IRQHandler                         0x0800e431   Thumb Code   138  usart.o(i.UART4_IRQHandler)
    UART4_Init                               0x0800e4c9   Thumb Code   144  usart.o(i.UART4_Init)
    UART5_IRQHandler                         0x0800e561   Thumb Code   138  usart.o(i.UART5_IRQHandler)
    UART5_Init                               0x0800e5f9   Thumb Code   206  usart.o(i.UART5_Init)
    USART1_IRQHandler                        0x0800e6dd   Thumb Code   138  usart.o(i.USART1_IRQHandler)
    USART1_Init                              0x0800e775   Thumb Code   138  usart.o(i.USART1_Init)
    USART2_IRQHandler                        0x0800e809   Thumb Code   194  usart2.o(i.USART2_IRQHandler)
    USART2_Init                              0x0800e90d   Thumb Code   184  usart2.o(i.USART2_Init)
    USART2_Write                             0x0800e9dd   Thumb Code    60  usart2.o(i.USART2_Write)
    USART3_IRQHandler                        0x0800ea21   Thumb Code   138  usart.o(i.USART3_IRQHandler)
    USART3_Init                              0x0800eab9   Thumb Code   146  usart.o(i.USART3_Init)
    USART_ClearFlag                          0x0800eb55   Thumb Code     6  stm32f10x_usart.o(i.USART_ClearFlag)
    USART_Cmd                                0x0800eb5b   Thumb Code    20  stm32f10x_usart.o(i.USART_Cmd)
    USART_DeInit                             0x0800eb71   Thumb Code    96  stm32f10x_usart.o(i.USART_DeInit)
    USART_GetFlagStatus                      0x0800ebe5   Thumb Code    14  stm32f10x_usart.o(i.USART_GetFlagStatus)
    USART_GetITStatus                        0x0800ebf3   Thumb Code    62  stm32f10x_usart.o(i.USART_GetITStatus)
    USART_ITConfig                           0x0800ec31   Thumb Code    48  stm32f10x_usart.o(i.USART_ITConfig)
    USART_Init                               0x0800ec61   Thumb Code   176  stm32f10x_usart.o(i.USART_Init)
    USART_ReceiveData                        0x0800ed15   Thumb Code     8  stm32f10x_usart.o(i.USART_ReceiveData)
    USART_SendData                           0x0800ed1d   Thumb Code     8  stm32f10x_usart.o(i.USART_SendData)
    UnPackAckPacket                          0x0800ed25   Thumb Code    16  net_protocol.o(i.UnPackAckPacket)
    UnPackSensorData                         0x0800ed35   Thumb Code   178  common.o(i.UnPackSensorData)
    UsageFault_Handler                       0x0800ede7   Thumb Code     2  stm32f10x_it.o(i.UsageFault_Handler)
    Usart1FrameSend                          0x0800ede9   Thumb Code    66  usart.o(i.Usart1FrameSend)
    Usart1ReciveFrameEnd                     0x0800ee39   Thumb Code    32  usart.o(i.Usart1ReciveFrameEnd)
    Usart3FrameSend                          0x0800ee5d   Thumb Code    66  usart.o(i.Usart3FrameSend)
    Usart3ReciveFrameEnd                     0x0800eead   Thumb Code    32  usart.o(i.Usart3ReciveFrameEnd)
    Usart4FrameSend                          0x0800eed1   Thumb Code    66  usart.o(i.Usart4FrameSend)
    Usart4ReciveFrameEnd                     0x0800ef21   Thumb Code    32  usart.o(i.Usart4ReciveFrameEnd)
    Usart5FrameSend                          0x0800ef45   Thumb Code    74  usart.o(i.Usart5FrameSend)
    Usart5ReciveFrameEnd                     0x0800efa1   Thumb Code    32  usart.o(i.Usart5ReciveFrameEnd)
    UsartSendString                          0x0800efc5   Thumb Code    96  usart.o(i.UsartSendString)
    WriteDataFromHoldBufToEeprom             0x0800f02d   Thumb Code    56  common.o(i.WriteDataFromHoldBufToEeprom)
    WriteOTAInfo                             0x0800f065   Thumb Code   122  common.o(i.WriteOTAInfo)
    __ARM_fpclassify                         0x0800f0e5   Thumb Code    40  fpclassify.o(i.__ARM_fpclassify)
    _is_digit                                0x0800f10d   Thumb Code    14  __printf_wp.o(i._is_digit)
    _sys_exit                                0x0800f11b   Thumb Code     2  usart.o(i._sys_exit)
    bcxx_get_AT_CCLK                         0x0800f11d   Thumb Code    68  bcxx.o(i.bcxx_get_AT_CCLK)
    bcxx_get_AT_CGPADDR                      0x0800f185   Thumb Code   136  bcxx.o(i.bcxx_get_AT_CGPADDR)
    bcxx_get_AT_CGSN                         0x0800f239   Thumb Code   120  bcxx.o(i.bcxx_get_AT_CGSN)
    bcxx_get_AT_CIMI                         0x0800f2dd   Thumb Code   108  bcxx.o(i.bcxx_get_AT_CIMI)
    bcxx_get_AT_CSQ                          0x0800f365   Thumb Code   104  bcxx.o(i.bcxx_get_AT_CSQ)
    bcxx_get_AT_NCCID                        0x0800f3e9   Thumb Code   110  bcxx.o(i.bcxx_get_AT_NCCID)
    bcxx_hard_init                           0x0800f479   Thumb Code    80  bcxx.o(i.bcxx_hard_init)
    bcxx_hard_reset                          0x0800f4d1   Thumb Code    72  bcxx.o(i.bcxx_hard_reset)
    bcxx_set_AT_ATE                          0x0800f525   Thumb Code    44  bcxx.o(i.bcxx_set_AT_ATE)
    bcxx_set_AT_CEDRXS                       0x0800f55d   Thumb Code    44  bcxx.o(i.bcxx_set_AT_CEDRXS)
    bcxx_set_AT_CELL_RESELECTION             0x0800f5a1   Thumb Code    20  bcxx.o(i.bcxx_set_AT_CELL_RESELECTION)
    bcxx_set_AT_CEREG                        0x0800f5dd   Thumb Code    44  bcxx.o(i.bcxx_set_AT_CEREG)
    bcxx_set_AT_CFUN                         0x0800f61d   Thumb Code    46  bcxx.o(i.bcxx_set_AT_CFUN)
    bcxx_set_AT_CGATT                        0x0800f661   Thumb Code    44  bcxx.o(i.bcxx_set_AT_CGATT)
    bcxx_set_AT_CPSMS                        0x0800f6a1   Thumb Code    44  bcxx.o(i.bcxx_set_AT_CPSMS)
    bcxx_set_AT_CSCON                        0x0800f6e1   Thumb Code    44  bcxx.o(i.bcxx_set_AT_CSCON)
    bcxx_set_AT_NBAND                        0x0800f721   Thumb Code   120  bcxx.o(i.bcxx_set_AT_NBAND)
    bcxx_set_AT_NRB                          0x0800f7ad   Thumb Code    36  bcxx.o(i.bcxx_set_AT_NRB)
    bcxx_set_AT_NSOCO                        0x0800f7e9   Thumb Code    52  bcxx.o(i.bcxx_set_AT_NSOCO)
    bcxx_set_AT_NSOCR                        0x0800f835   Thumb Code   106  bcxx.o(i.bcxx_set_AT_NSOCR)
    bcxx_set_AT_NSONMI                       0x0800f8c5   Thumb Code    44  bcxx.o(i.bcxx_set_AT_NSONMI)
    bcxx_set_AT_NSOSD                        0x0800f905   Thumb Code    60  bcxx.o(i.bcxx_set_AT_NSOSD)
    bcxx_set_AT_QREGSWT                      0x0800f96d   Thumb Code    44  bcxx.o(i.bcxx_set_AT_QREGSWT)
    bcxx_set_NATSPEED                        0x0800f9ad   Thumb Code   122  bcxx.o(i.bcxx_set_NATSPEED)
    bcxx_soft_init                           0x0800fa5d   Thumb Code   200  bcxx.o(i.bcxx_soft_init)
    cd4051b_set_channel                      0x0800fb41   Thumb Code    70  cd4051b.o(i.cd4051b_set_channel)
    dali_receive_data                        0x0800fb8d   Thumb Code    48  dali.o(i.dali_receive_data)
    delay_init                               0x0800fbc1   Thumb Code    48  delay.o(i.delay_init)
    delay_ms                                 0x0800fbf5   Thumb Code    50  delay.o(i.delay_ms)
    delay_us                                 0x0800fc31   Thumb Code    62  delay.o(i.delay_us)
    fifo_get                                 0x0800fc75   Thumb Code    76  fifo.o(i.fifo_get)
    fifo_init                                0x0800fcc5   Thumb Code    66  fifo.o(i.fifo_init)
    fifo_put                                 0x0800fd0d   Thumb Code    60  fifo.o(i.fifo_put)
    find_str                                 0x0800fd4d   Thumb Code    90  common.o(i.find_str)
    fputc                                    0x0800fda9   Thumb Code    18  usart.o(i.fputc)
    get_str1                                 0x0800fdc1   Thumb Code   104  common.o(i.get_str1)
    main                                     0x0800fe29   Thumb Code   158  main.o(i.main)
    mem_free                                 0x0800fed5   Thumb Code    58  malloc.o(i.mem_free)
    mem_init                                 0x0800ff15   Thumb Code    34  malloc.o(i.mem_init)
    mem_malloc                               0x0800ff3d   Thumb Code    90  malloc.o(i.mem_malloc)
    mem_perused                              0x0800ff9d   Thumb Code    38  malloc.o(i.mem_perused)
    memb_alloc                               0x0800ffc9   Thumb Code    38  memb.o(i.memb_alloc)
    memb_free                                0x0800ffef   Thumb Code    44  memb.o(i.memb_free)
    memb_init                                0x0801001b   Thumb Code    28  memb.o(i.memb_init)
    myfree                                   0x08010039   Thumb Code    16  malloc.o(i.myfree)
    mymalloc                                 0x0801004d   Thumb Code    22  malloc.o(i.mymalloc)
    mymemset                                 0x08010069   Thumb Code    12  malloc.o(i.mymemset)
    nbiot_atoi                               0x08010075   Thumb Code    90  utils.o(i.nbiot_atoi)
    nbiot_sleep                              0x080100cf   Thumb Code     6  delay.o(i.nbiot_sleep)
    nbiot_udp_recv                           0x080100d5   Thumb Code    24  socket.o(i.nbiot_udp_recv)
    netif_rx                                 0x080100ed   Thumb Code    72  bcxx.o(i.netif_rx)
    pvTaskIncrementMutexHeldCount            0x08010345   Thumb Code    18  tasks.o(i.pvTaskIncrementMutexHeldCount)
    pxPortInitialiseStack                    0x0801035d   Thumb Code    28  port.o(i.pxPortInitialiseStack)
    register_cmd_handler                     0x0801037d   Thumb Code    10  at_cmd.o(i.register_cmd_handler)
    ringbuf_clear                            0x0801038d   Thumb Code    14  ringbuf.o(i.ringbuf_clear)
    ringbuf_elements                         0x0801039b   Thumb Code    12  ringbuf.o(i.ringbuf_elements)
    ringbuf_init                             0x080103a7   Thumb Code    14  ringbuf.o(i.ringbuf_init)
    ringbuf_put                              0x080103b5   Thumb Code    36  ringbuf.o(i.ringbuf_put)
    search_str                               0x080103d9   Thumb Code    24  common.o(i.search_str)
    uxListRemove                             0x080103f1   Thumb Code    36  list.o(i.uxListRemove)
    uxTaskGetStackHighWaterMark              0x08010415   Thumb Code    12  tasks.o(i.uxTaskGetStackHighWaterMark)
    vListInitialise                          0x08010425   Thumb Code    22  list.o(i.vListInitialise)
    vListInitialiseItem                      0x0801043b   Thumb Code     6  list.o(i.vListInitialiseItem)
    vListInsert                              0x08010441   Thumb Code    48  list.o(i.vListInsert)
    vListInsertEnd                           0x08010471   Thumb Code    24  list.o(i.vListInsertEnd)
    vPortEnterCritical                       0x08010489   Thumb Code    62  port.o(i.vPortEnterCritical)
    vPortExitCritical                        0x080104d1   Thumb Code    34  port.o(i.vPortExitCritical)
    vPortSetupTimerInterrupt                 0x080104f9   Thumb Code    26  port.o(i.vPortSetupTimerInterrupt)
    vTaskDelay                               0x08010519   Thumb Code    94  tasks.o(i.vTaskDelay)
    vTaskHCI                                 0x08010581   Thumb Code   166  task_hci.o(i.vTaskHCI)
    vTaskLED                                 0x08010665   Thumb Code   100  task_led.o(i.vTaskLED)
    vTaskMAIN                                0x080106d1   Thumb Code   126  task_main.o(i.vTaskMAIN)
    vTaskMissedYield                         0x0801076d   Thumb Code     8  tasks.o(i.vTaskMissedYield)
    vTaskNET                                 0x08010779   Thumb Code   126  task_net.o(i.vTaskNET)
    vTaskPlaceOnEventList                    0x08010801   Thumb Code    90  tasks.o(i.vTaskPlaceOnEventList)
    vTaskPriorityInherit                     0x08010865   Thumb Code   124  tasks.o(i.vTaskPriorityInherit)
    vTaskSENSOR                              0x080108e9   Thumb Code   538  task_sensor.o(i.vTaskSENSOR)
    vTaskSetTimeOutState                     0x08010b69   Thumb Code    30  tasks.o(i.vTaskSetTimeOutState)
    vTaskStartScheduler                      0x08010b8d   Thumb Code    86  tasks.o(i.vTaskStartScheduler)
    vTaskSuspendAll                          0x08010bf5   Thumb Code    10  tasks.o(i.vTaskSuspendAll)
    vTaskSwitchContext                       0x08010c05   Thumb Code    82  tasks.o(i.vTaskSwitchContext)
    xPortStartScheduler                      0x08010c61   Thumb Code   112  port.o(i.xPortStartScheduler)
    xPortSysTickHandler                      0x08010cdd   Thumb Code    38  port.o(i.xPortSysTickHandler)
    xQueueCreateMutex                        0x08010d09   Thumb Code    74  queue.o(i.xQueueCreateMutex)
    xQueueGenericCreate                      0x08010d53   Thumb Code   100  queue.o(i.xQueueGenericCreate)
    xQueueGenericReceive                     0x08010db9   Thumb Code   372  queue.o(i.xQueueGenericReceive)
    xQueueGenericReset                       0x08010f31   Thumb Code   126  queue.o(i.xQueueGenericReset)
    xQueueGenericSend                        0x08010fb5   Thumb Code   352  queue.o(i.xQueueGenericSend)
    xTaskCheckForTimeOut                     0x08011119   Thumb Code   102  tasks.o(i.xTaskCheckForTimeOut)
    xTaskGenericCreate                       0x08011185   Thumb Code   442  tasks.o(i.xTaskGenericCreate)
    xTaskGetSchedulerState                   0x08011351   Thumb Code    22  tasks.o(i.xTaskGetSchedulerState)
    xTaskIncrementTick                       0x0801136d   Thumb Code   194  tasks.o(i.xTaskIncrementTick)
    xTaskPriorityDisinherit                  0x08011439   Thumb Code   144  tasks.o(i.xTaskPriorityDisinherit)
    xTaskRemoveFromEventList                 0x080114d1   Thumb Code   108  tasks.o(i.xTaskRemoveFromEventList)
    xTaskResumeAll                           0x08011545   Thumb Code   182  tasks.o(i.xTaskResumeAll)
    _get_lc_ctype                            0x08011609   Thumb Code    44  lc_ctype_c.o(locale$$code)
    _get_lc_numeric                          0x08011635   Thumb Code    44  lc_numeric_c.o(locale$$code)
    __fpl_dretinf                            0x08011661   Thumb Code    12  dretinf.o(x$fpl$dretinf)
    __aeabi_f2d                              0x0801166d   Thumb Code     0  f2d.o(x$fpl$f2d)
    _f2d                                     0x0801166d   Thumb Code    86  f2d.o(x$fpl$f2d)
    __aeabi_fadd                             0x080116c5   Thumb Code     0  faddsub_clz.o(x$fpl$fadd)
    _fadd                                    0x080116c5   Thumb Code   196  faddsub_clz.o(x$fpl$fadd)
    __aeabi_fdiv                             0x08011789   Thumb Code     0  fdiv.o(x$fpl$fdiv)
    _fdiv                                    0x08011789   Thumb Code   384  fdiv.o(x$fpl$fdiv)
    __aeabi_f2iz                             0x0801190d   Thumb Code     0  ffix.o(x$fpl$ffix)
    _ffix                                    0x0801190d   Thumb Code    54  ffix.o(x$fpl$ffix)
    __aeabi_f2uiz                            0x08011945   Thumb Code     0  ffixu.o(x$fpl$ffixu)
    _ffixu                                   0x08011945   Thumb Code    62  ffixu.o(x$fpl$ffixu)
    __aeabi_i2f                              0x08011985   Thumb Code     0  fflt_clz.o(x$fpl$fflt)
    _fflt                                    0x08011985   Thumb Code    48  fflt_clz.o(x$fpl$fflt)
    __aeabi_ui2f                             0x080119b5   Thumb Code     0  fflt_clz.o(x$fpl$ffltu)
    _ffltu                                   0x080119b5   Thumb Code    38  fflt_clz.o(x$fpl$ffltu)
    __aeabi_fmul                             0x080119dd   Thumb Code     0  fmul.o(x$fpl$fmul)
    _fmul                                    0x080119dd   Thumb Code   258  fmul.o(x$fpl$fmul)
    __fpl_fnaninf                            0x08011adf   Thumb Code   140  fnaninf.o(x$fpl$fnaninf)
    __fpl_fretinf                            0x08011b6b   Thumb Code    10  fretinf.o(x$fpl$fretinf)
    __aeabi_fsub                             0x08011b75   Thumb Code     0  faddsub_clz.o(x$fpl$fsub)
    _fsub                                    0x08011b75   Thumb Code   234  faddsub_clz.o(x$fpl$fsub)
    _printf_fp_dec                           0x08011c5f   Thumb Code     4  printf1.o(x$fpl$printf1)
    __I$use$fp                               0x08011c62   Number         0  usenofp.o(x$fpl$usenofp)
    table_week                               0x08011c62   Data          12  rtc.o(.constdata)
    mon_table                                0x08011c6e   Data          12  rtc.o(.constdata)
    _monlen                                  0x08011cb3   Data          12  _monlen.o(.constdata)
    Region$$Table$$Base                      0x08011d54   Number         0  anon$$obj.o(Region$$Table)
    Region$$Table$$Limit                     0x08011d74   Number         0  anon$$obj.o(Region$$Table)
    __ctype                                  0x08011d81   Data           0  lc_ctype_c.o(locale$$data)
    TimeGroupNumber                          0x20000000   Data           1  common.o(.data)
    HaveNewFirmWare                          0x20000001   Data           1  common.o(.data)
    NewFirmWareAdd                           0x20000002   Data           1  common.o(.data)
    LastBagByteNum                           0x20000003   Data           1  common.o(.data)
    Operators                                0x20000004   Data           1  common.o(.data)
    PowerINTFC                               0x20000005   Data           1  common.o(.data)
    TimeZone                                 0x20000006   Data           1  common.o(.data)
    LightLevelPercent                        0x20000007   Data           1  common.o(.data)
    NewFirmWareBagNum                        0x20000008   Data           2  common.o(.data)
    NewFirmWareVer                           0x2000000a   Data           2  common.o(.data)
    UpLoadINCL                               0x2000000c   Data           2  common.o(.data)
    RegularTimeWeekDay                       0x20000010   Data           4  common.o(.data)
    RegularTimeWeekEnd                       0x20000014   Data           4  common.o(.data)
    RegularTimeHoliday                       0x20000018   Data           4  common.o(.data)
    xMutex_STRATEGY                          0x2000001c   Data           4  common.o(.data)
    SysTick1ms                               0x20000020   Data           4  common.o(.data)
    SysTick10ms                              0x20000024   Data           4  common.o(.data)
    SysTick100ms                             0x20000028   Data           4  common.o(.data)
    SysTick1s                                0x2000002c   Data           4  common.o(.data)
    BootLoaderVersion                        0x20000030   Data           4  common.o(.data)
    SoftWareVersion                          0x20000034   Data           4  common.o(.data)
    HardWareVersion                          0x20000038   Data           4  common.o(.data)
    DeviceName                               0x2000003c   Data           4  common.o(.data)
    DeviceID                                 0x20000040   Data           4  common.o(.data)
    DeviceUUID                               0x20000044   Data           4  common.o(.data)
    DeviceICCID                              0x20000048   Data           4  common.o(.data)
    DeviceIMSI                               0x2000004c   Data           4  common.o(.data)
    APName                                   0x20000050   Data           4  common.o(.data)
    ServerDomain                             0x20000054   Data           4  common.o(.data)
    ServerIP                                 0x20000058   Data           4  common.o(.data)
    ServerPort                               0x2000005c   Data           4  common.o(.data)
    HolodayRange                             0x20000060   Data           6  common.o(.data)
    xMutex_IIC1                              0x20000268   Data           4  common.o(.data)
    xMutex_INVENTR                           0x2000026c   Data           4  common.o(.data)
    xMutex_AT_COMMAND                        0x20000270   Data           4  common.o(.data)
    xQueue_sensor                            0x20000274   Data           4  common.o(.data)
    LocalIp                                  0x20000278   Data           4  common.o(.data)
    NeedToReset                              0x2000027c   Data           1  common.o(.data)
    GetTimeOK                                0x2000027d   Data           1  common.o(.data)
    DeviceWorkMode                           0x2000027e   Data           1  common.o(.data)
    GpsInfo                                  0x20000280   Data           4  common.o(.data)
    xHandleTaskLED                           0x20000284   Data           4  task_led.o(.data)
    xHandleTaskHCI                           0x20000288   Data           4  task_hci.o(.data)
    HCI_Satck                                0x2000028c   Data           4  task_hci.o(.data)
    InputCurrent                             0x20000290   Data           4  task_sensor.o(.data)
    InputVoltage                             0x20000294   Data           4  task_sensor.o(.data)
    InputFreq                                0x20000298   Data           4  task_sensor.o(.data)
    InputPowerP                              0x2000029c   Data           4  task_sensor.o(.data)
    InputPowerQ                              0x200002a0   Data           4  task_sensor.o(.data)
    InputPowerS                              0x200002a4   Data           4  task_sensor.o(.data)
    InputEnergyP                             0x200002a8   Data           4  task_sensor.o(.data)
    InputEnergyQ                             0x200002ac   Data           4  task_sensor.o(.data)
    InputEnergyS                             0x200002b0   Data           4  task_sensor.o(.data)
    p_tSensorMsg                             0x200002b4   Data           4  task_sensor.o(.data)
    xHandleTaskSENSOR                        0x200002b8   Data           4  task_sensor.o(.data)
    xHandleTaskNET                           0x200002bc   Data           4  task_net.o(.data)
    ConnectState                             0x200002c0   Data           1  task_net.o(.data)
    SocketId                                 0x200002c1   Data           1  task_net.o(.data)
    SignalIntensity                          0x200002c2   Data           1  task_net.o(.data)
    p_tSensorMsgNet                          0x200002c4   Data           4  task_net.o(.data)
    xHandleTaskMAIN                          0x200002cc   Data           4  task_main.o(.data)
    MirrorLightLevelPercent                  0x200002d0   Data           1  task_main.o(.data)
    MirrorPowerINTFC                         0x200002d1   Data           1  task_main.o(.data)
    SystemCoreClock                          0x200002d4   Data           4  system_stm32f10x.o(.data)
    AHBPrescTable                            0x200002d8   Data          16  system_stm32f10x.o(.data)
    Usart1RecvEnd                            0x200002f2   Data           1  usart.o(.data)
    Usart1Busy                               0x200002f3   Data           1  usart.o(.data)
    Usart3RecvEnd                            0x200002f4   Data           1  usart.o(.data)
    Usart3Busy                               0x200002f5   Data           1  usart.o(.data)
    Usart4RecvEnd                            0x200002f6   Data           1  usart.o(.data)
    Usart4Busy                               0x200002f7   Data           1  usart.o(.data)
    Usart5RecvEnd                            0x200002f8   Data           1  usart.o(.data)
    Usart5Busy                               0x200002f9   Data           1  usart.o(.data)
    Usart1RxCnt                              0x200002fc   Data           2  usart.o(.data)
    OldUsart1RxCnt                           0x200002fe   Data           2  usart.o(.data)
    Usart1FrameLen                           0x20000300   Data           2  usart.o(.data)
    Usart1SendLen                            0x20000302   Data           2  usart.o(.data)
    Usart1SendNum                            0x20000304   Data           2  usart.o(.data)
    Usart3RxCnt                              0x20000306   Data           2  usart.o(.data)
    OldUsart3RxCnt                           0x20000308   Data           2  usart.o(.data)
    Usart3FrameLen                           0x2000030a   Data           2  usart.o(.data)
    Usart3SendLen                            0x2000030c   Data           2  usart.o(.data)
    Usart3SendNum                            0x2000030e   Data           2  usart.o(.data)
    Usart4RxCnt                              0x20000310   Data           2  usart.o(.data)
    OldUsart4RxCnt                           0x20000312   Data           2  usart.o(.data)
    Usart4FrameLen                           0x20000314   Data           2  usart.o(.data)
    Usart4SendLen                            0x20000316   Data           2  usart.o(.data)
    Usart4SendNum                            0x20000318   Data           2  usart.o(.data)
    Usart5RxCnt                              0x2000031a   Data           2  usart.o(.data)
    OldUsart5RxCnt                           0x2000031c   Data           2  usart.o(.data)
    Usart5FrameLen                           0x2000031e   Data           2  usart.o(.data)
    Usart5SendLen                            0x20000320   Data           2  usart.o(.data)
    Usart5SendNum                            0x20000322   Data           2  usart.o(.data)
    __stdout                                 0x20000324   Data           4  usart.o(.data)
    rsp_ok                                   0x20000328   Data           1  usart2.o(.data)
    dl_buf_id                                0x20000329   Data           1  usart2.o(.data)
    Temperature                              0x2000033c   Data           4  sht2x.o(.data)
    Humidity                                 0x20000340   Data           4  sht2x.o(.data)
    Illumination                             0x20000344   Data           4  bh1750.o(.data)
    InventrBusy                              0x20000348   Data           1  inventr.o(.data)
    InventrDisable                           0x20000349   Data           1  inventr.o(.data)
    InventrInPutCurrent                      0x20000354   Data           4  inventr.o(.data)
    InventrInPutVoltage                      0x20000358   Data           4  inventr.o(.data)
    InventrOutPutCurrent                     0x2000035c   Data           4  inventr.o(.data)
    InventrOutPutVoltage                     0x20000360   Data           4  inventr.o(.data)
    bcxx_init_ok                             0x20000364   Data           1  bcxx.o(.data)
    callback                                 0x20000368   Data           4  at_cmd.o(.data)
    flag_ok                                  0x2000036c   Data           4  at_cmd.o(.data)
    result_ptr                               0x20000370   Data           4  at_cmd.o(.data)
    flag                                     0x20000374   Data           1  dali.o(.data)
    bit_count                                0x20000375   Data           1  dali.o(.data)
    bit_value                                0x20000376   Data           1  dali.o(.data)
    actual_val                               0x20000377   Data           1  dali.o(.data)
    former_val                               0x20000378   Data           1  dali.o(.data)
    recv_num                                 0x20000379   Data           1  dali.o(.data)
    recv_ok                                  0x2000037a   Data           1  dali.o(.data)
    tick_count                               0x2000037c   Data           2  dali.o(.data)
    send_num                                 0x2000037e   Data           2  dali.o(.data)
    time_out                                 0x200003c4   Data           2  net_protocol.o(.data)
    AT_ECHO                                  0x200003c6   Data           1  at_protoco.o(.data)
    pipe                                     0x200003c8   Data           8  fifo.o(.data)
    mallco_dev                               0x200003d0   Data          20  malloc.o(.data)
    pxCurrentTCB                             0x200003f0   Data           4  tasks.o(.data)
    xSchedulerRunning                        0x20000404   Data           4  tasks.o(.data)
    RCC_Clocks                               0x20000428   Data          20  main.o(.bss)
    HoldReg                                  0x2000043c   Data         512  common.o(.bss)
    calendar                                 0x2000063c   Data          10  rtc.o(.bss)
    Usart1RxBuf                              0x20000646   Data         256  usart.o(.bss)
    Usart1TxBuf                              0x20000746   Data         256  usart.o(.bss)
    Usart3RxBuf                              0x20000846   Data          16  usart.o(.bss)
    Usart3TxBuf                              0x20000856   Data          16  usart.o(.bss)
    Usart4RxBuf                              0x20000866   Data         128  usart.o(.bss)
    Usart4TxBuf                              0x200008e6   Data         128  usart.o(.bss)
    Usart5RxBuf                              0x20000966   Data         128  usart.o(.bss)
    Usart5TxBuf                              0x200009e6   Data         128  usart.o(.bss)
    ring_fifo                                0x20000a68   Data          12  usart2.o(.bss)
    ring_fifo1                               0x20000a74   Data          12  usart2.o(.bss)
    rx_fifo                                  0x20000a80   Data         512  usart2.o(.bss)
    rx_fifo1                                 0x20000c80   Data         512  usart2.o(.bss)
    AT_CommandBuf                            0x20001084   Data         208  at_protoco.o(.bss)
    membase                                  0x20001154   Data       32768  malloc.o(.bss)
    memmapbase                               0x20009154   Data        2048  malloc.o(.bss)
    __libspace_start                         0x20009a6c   Data          96  libspace.o(.bss)
    __temporary_stack_top$libspace           0x20009acc   Data           0  libspace.o(.bss)



==============================================================================

Memory Map of the image

  Image Entry point : 0x08008131

  Load Region LR_IROM1 (Base: 0x08008000, Size: 0x0000a2c8, Max: 0x0001c000, ABSOLUTE, COMPRESSED[0x0000a014])

    Execution Region ER_IROM1 (Base: 0x08008000, Size: 0x00009ea0, Max: 0x0001c000, ABSOLUTE)

    Base Addr    Size         Type   Attr      Idx    E Section Name        Object

    0x08008000   0x00000130   Data   RO          929    RESET               startup_stm32f10x_hd.o
    0x08008130   0x00000008   Code   RO         6434  * !!!main             c_w.l(__main.o)
    0x08008138   0x00000034   Code   RO         6715    !!!scatter          c_w.l(__scatter.o)
    0x0800816c   0x0000005a   Code   RO         6713    !!dczerorl2         c_w.l(__dczerorl2.o)
    0x080081c6   0x00000002   PAD
    0x080081c8   0x0000001c   Code   RO         6717    !!handler_zi        c_w.l(__scatter_zi.o)
    0x080081e4   0x00000000   Code   RO         6406    .ARM.Collect$$_printf_percent$$00000000  c_w.l(_printf_percent.o)
    0x080081e4   0x00000006   Code   RO         6405    .ARM.Collect$$_printf_percent$$00000003  c_w.l(_printf_f.o)
    0x080081ea   0x00000006   Code   RO         6404    .ARM.Collect$$_printf_percent$$00000009  c_w.l(_printf_d.o)
    0x080081f0   0x00000006   Code   RO         6403    .ARM.Collect$$_printf_percent$$0000000C  c_w.l(_printf_x.o)
    0x080081f6   0x00000006   Code   RO         6402    .ARM.Collect$$_printf_percent$$00000014  c_w.l(_printf_s.o)
    0x080081fc   0x00000004   Code   RO         6503    .ARM.Collect$$_printf_percent$$00000017  c_w.l(_printf_percent_end.o)
    0x08008200   0x00000002   Code   RO         6644    .ARM.Collect$$libinit$$00000000  c_w.l(libinit.o)
    0x08008202   0x00000000   Code   RO         6506    .ARM.Collect$$libinit$$00000002  c_w.l(libinit2.o)
    0x08008202   0x00000000   Code   RO         6509    .ARM.Collect$$libinit$$00000008  c_w.l(libinit2.o)
    0x08008202   0x00000000   Code   RO         6511    .ARM.Collect$$libinit$$0000000A  c_w.l(libinit2.o)
    0x08008202   0x00000000   Code   RO         6513    .ARM.Collect$$libinit$$0000000C  c_w.l(libinit2.o)
    0x08008202   0x00000006   Code   RO         6514    .ARM.Collect$$libinit$$0000000D  c_w.l(libinit2.o)
    0x08008208   0x00000000   Code   RO         6516    .ARM.Collect$$libinit$$0000000F  c_w.l(libinit2.o)
    0x08008208   0x0000000c   Code   RO         6517    .ARM.Collect$$libinit$$00000010  c_w.l(libinit2.o)
    0x08008214   0x00000000   Code   RO         6518    .ARM.Collect$$libinit$$00000011  c_w.l(libinit2.o)
    0x08008214   0x00000000   Code   RO         6520    .ARM.Collect$$libinit$$00000013  c_w.l(libinit2.o)
    0x08008214   0x0000000a   Code   RO         6521    .ARM.Collect$$libinit$$00000014  c_w.l(libinit2.o)
    0x0800821e   0x00000000   Code   RO         6522    .ARM.Collect$$libinit$$00000015  c_w.l(libinit2.o)
    0x0800821e   0x00000000   Code   RO         6524    .ARM.Collect$$libinit$$00000017  c_w.l(libinit2.o)
    0x0800821e   0x00000000   Code   RO         6526    .ARM.Collect$$libinit$$00000019  c_w.l(libinit2.o)
    0x0800821e   0x00000000   Code   RO         6528    .ARM.Collect$$libinit$$0000001B  c_w.l(libinit2.o)
    0x0800821e   0x00000000   Code   RO         6530    .ARM.Collect$$libinit$$0000001D  c_w.l(libinit2.o)
    0x0800821e   0x00000000   Code   RO         6532    .ARM.Collect$$libinit$$0000001F  c_w.l(libinit2.o)
    0x0800821e   0x00000000   Code   RO         6534    .ARM.Collect$$libinit$$00000021  c_w.l(libinit2.o)
    0x0800821e   0x00000000   Code   RO         6536    .ARM.Collect$$libinit$$00000023  c_w.l(libinit2.o)
    0x0800821e   0x00000000   Code   RO         6540    .ARM.Collect$$libinit$$0000002A  c_w.l(libinit2.o)
    0x0800821e   0x00000000   Code   RO         6542    .ARM.Collect$$libinit$$0000002C  c_w.l(libinit2.o)
    0x0800821e   0x00000000   Code   RO         6544    .ARM.Collect$$libinit$$0000002E  c_w.l(libinit2.o)
    0x0800821e   0x00000000   Code   RO         6546    .ARM.Collect$$libinit$$00000030  c_w.l(libinit2.o)
    0x0800821e   0x00000002   Code   RO         6547    .ARM.Collect$$libinit$$00000031  c_w.l(libinit2.o)
    0x08008220   0x00000002   Code   RO         6675    .ARM.Collect$$libshutdown$$00000000  c_w.l(libshutdown.o)
    0x08008222   0x00000000   Code   RO         6682    .ARM.Collect$$libshutdown$$00000003  c_w.l(libshutdown2.o)
    0x08008222   0x00000000   Code   RO         6685    .ARM.Collect$$libshutdown$$00000006  c_w.l(libshutdown2.o)
    0x08008222   0x00000000   Code   RO         6688    .ARM.Collect$$libshutdown$$00000009  c_w.l(libshutdown2.o)
    0x08008222   0x00000000   Code   RO         6690    .ARM.Collect$$libshutdown$$0000000B  c_w.l(libshutdown2.o)
    0x08008222   0x00000000   Code   RO         6693    .ARM.Collect$$libshutdown$$0000000E  c_w.l(libshutdown2.o)
    0x08008222   0x00000002   Code   RO         6694    .ARM.Collect$$libshutdown$$0000000F  c_w.l(libshutdown2.o)
    0x08008224   0x00000000   Code   RO         6488    .ARM.Collect$$rtentry$$00000000  c_w.l(rtentry.o)
    0x08008224   0x00000000   Code   RO         6558    .ARM.Collect$$rtentry$$00000002  c_w.l(rtentry2.o)
    0x08008224   0x00000006   Code   RO         6570    .ARM.Collect$$rtentry$$00000004  c_w.l(rtentry4.o)
    0x0800822a   0x00000000   Code   RO         6560    .ARM.Collect$$rtentry$$00000009  c_w.l(rtentry2.o)
    0x0800822a   0x00000004   Code   RO         6561    .ARM.Collect$$rtentry$$0000000A  c_w.l(rtentry2.o)
    0x0800822e   0x00000000   Code   RO         6563    .ARM.Collect$$rtentry$$0000000C  c_w.l(rtentry2.o)
    0x0800822e   0x00000008   Code   RO         6564    .ARM.Collect$$rtentry$$0000000D  c_w.l(rtentry2.o)
    0x08008236   0x00000002   Code   RO         6647    .ARM.Collect$$rtexit$$00000000  c_w.l(rtexit.o)
    0x08008238   0x00000000   Code   RO         6657    .ARM.Collect$$rtexit$$00000002  c_w.l(rtexit2.o)
    0x08008238   0x00000004   Code   RO         6658    .ARM.Collect$$rtexit$$00000003  c_w.l(rtexit2.o)
    0x0800823c   0x00000006   Code   RO         6659    .ARM.Collect$$rtexit$$00000004  c_w.l(rtexit2.o)
    0x08008242   0x00000002   PAD
    0x08008244   0x000000a2   Code   RO         5783    .emb_text           port.o
    0x080082e6   0x00000002   PAD
    0x080082e8   0x00000040   Code   RO          930    .text               startup_stm32f10x_hd.o
    0x08008328   0x00000002   Code   RO         6341    .text               c_w.l(use_no_semi_2.o)
    0x0800832a   0x0000001e   Code   RO         6343    .text               c_w.l(toupper.o)
    0x08008348   0x00000018   Code   RO         6349    .text               c_w.l(noretval__2printf.o)
    0x08008360   0x00000028   Code   RO         6351    .text               c_w.l(noretval__2sprintf.o)
    0x08008388   0x00000052   Code   RO         6355    .text               c_w.l(_printf_pad.o)
    0x080083da   0x00000052   Code   RO         6357    .text               c_w.l(_printf_str.o)
    0x0800842c   0x00000078   Code   RO         6359    .text               c_w.l(_printf_dec.o)
    0x080084a4   0x0000005c   Code   RO         6364    .text               c_w.l(_printf_hex_int.o)
    0x08008500   0x0000013c   Code   RO         6394    .text               c_w.l(__printf_flags_wp.o)
    0x0800863c   0x00000024   Code   RO         6412    .text               c_w.l(strstr.o)
    0x08008660   0x00000058   Code   RO         6414    .text               c_w.l(memcmp.o)
    0x080086b8   0x0000003e   Code   RO         6416    .text               c_w.l(strlen.o)
    0x080086f6   0x00000018   Code   RO         6418    .text               c_w.l(strcat.o)
    0x0800870e   0x0000008a   Code   RO         6420    .text               c_w.l(rt_memcpy_v6.o)
    0x08008798   0x00000064   Code   RO         6422    .text               c_w.l(rt_memcpy_w.o)
    0x080087fc   0x00000010   Code   RO         6424    .text               c_w.l(aeabi_memset.o)
    0x0800880c   0x00000044   Code   RO         6426    .text               c_w.l(rt_memclr.o)
    0x08008850   0x0000004e   Code   RO         6428    .text               c_w.l(rt_memclr_w.o)
    0x0800889e   0x00000002   PAD
    0x080088a0   0x000001a4   Code   RO         6430    .text               c_w.l(mktime.o)
    0x08008a44   0x00000006   Code   RO         6432    .text               c_w.l(heapauxi.o)
    0x08008a4a   0x00000002   Code   RO         6486    .text               c_w.l(use_no_semi.o)
    0x08008a4c   0x00000010   Code   RO         6489    .text               c_w.l(rt_ctype_table.o)
    0x08008a5c   0x000000b8   Code   RO         6491    .text               c_w.l(_printf_intcommon.o)
    0x08008b14   0x00000420   Code   RO         6493    .text               c_w.l(_printf_fp_dec.o)
    0x08008f34   0x00000030   Code   RO         6495    .text               c_w.l(_printf_char_common.o)
    0x08008f64   0x0000000a   Code   RO         6497    .text               c_w.l(_sputc.o)
    0x08008f6e   0x0000002c   Code   RO         6499    .text               c_w.l(_printf_char.o)
    0x08008f9a   0x00000002   PAD
    0x08008f9c   0x00000024   Code   RO         6501    .text               c_w.l(_printf_char_file.o)
    0x08008fc0   0x00000008   Code   RO         6575    .text               c_w.l(rt_locale_intlibspace.o)
    0x08008fc8   0x0000008a   Code   RO         6577    .text               c_w.l(lludiv10.o)
    0x08009052   0x00000002   PAD
    0x08009054   0x00000080   Code   RO         6579    .text               c_w.l(_printf_fp_infnan.o)
    0x080090d4   0x000000e4   Code   RO         6583    .text               c_w.l(bigflt0.o)
    0x080091b8   0x00000008   Code   RO         6608    .text               c_w.l(ferror.o)
    0x080091c0   0x00000008   Code   RO         6626    .text               c_w.l(libspace.o)
    0x080091c8   0x0000004a   Code   RO         6629    .text               c_w.l(sys_stackheap_outer.o)
    0x08009212   0x0000000c   Code   RO         6631    .text               c_w.l(exit.o)
    0x0800921e   0x00000002   PAD
    0x08009220   0x00000080   Code   RO         6633    .text               c_w.l(strcmpv7m.o)
    0x080092a0   0x0000003e   Code   RO         6586    CL$$btod_d2e        c_w.l(btod.o)
    0x080092de   0x00000046   Code   RO         6588    CL$$btod_d2e_denorm_low  c_w.l(btod.o)
    0x08009324   0x00000060   Code   RO         6587    CL$$btod_d2e_norm_op1  c_w.l(btod.o)
    0x08009384   0x00000338   Code   RO         6596    CL$$btod_div_common  c_w.l(btod.o)
    0x080096bc   0x000000c6   Code   RO         6593    CL$$btod_e2e        c_w.l(btod.o)
    0x08009782   0x00000028   Code   RO         6590    CL$$btod_ediv       c_w.l(btod.o)
    0x080097aa   0x00000028   Code   RO         6589    CL$$btod_emul       c_w.l(btod.o)
    0x080097d2   0x00000244   Code   RO         6595    CL$$btod_mult_common  c_w.l(btod.o)
    0x08009a16   0x00000004   Code   RO         1477    i.AT24CXX_Init      24cxx.o
    0x08009a1a   0x00000002   PAD
    0x08009a1c   0x00000074   Code   RO         1480    i.AT24CXX_ReadOneByte  24cxx.o
    0x08009a90   0x0000002a   Code   RO         1482    i.AT24CXX_WriteLenByte  24cxx.o
    0x08009aba   0x00000002   PAD
    0x08009abc   0x00000094   Code   RO         1483    i.AT24CXX_WriteOneByte  24cxx.o
    0x08009b50   0x000000c8   Code   RO         5162    i.AT_CommandAPN     at_protoco.o
    0x08009c18   0x00000038   Code   RO         5163    i.AT_CommandCSQ     at_protoco.o
    0x08009c50   0x0000011c   Code   RO         5164    i.AT_CommandDEVID   at_protoco.o
    0x08009d6c   0x000000d8   Code   RO         5165    i.AT_CommandDEVNAME  at_protoco.o
    0x08009e44   0x000000d0   Code   RO         5166    i.AT_CommandDOMAIN  at_protoco.o
    0x08009f14   0x000002a4   Code   RO         5167    i.AT_CommandDataAnalysis  at_protoco.o
    0x0800a1b8   0x0000006c   Code   RO         5168    i.AT_CommandGMR     at_protoco.o
    0x0800a224   0x00000048   Code   RO         5169    i.AT_CommandGPS     at_protoco.o
    0x0800a26c   0x0000004c   Code   RO         5170    i.AT_CommandHUMI    at_protoco.o
    0x0800a2b8   0x000000c4   Code   RO         5171    i.AT_CommandINCL    at_protoco.o
    0x0800a37c   0x00000050   Code   RO         5172    i.AT_CommandINCURRENT  at_protoco.o
    0x0800a3cc   0x00000088   Code   RO         5173    i.AT_CommandINTFC   at_protoco.o
    0x0800a454   0x00000050   Code   RO         5174    i.AT_CommandINVOLTAGE  at_protoco.o
    0x0800a4a4   0x000000d4   Code   RO         5175    i.AT_CommandIPADDRESS  at_protoco.o
    0x0800a578   0x000004f0   Code   RO         5176    i.AT_CommandInit    at_protoco.o
    0x0800aa68   0x00000050   Code   RO         5177    i.AT_CommandLUMEN   at_protoco.o
    0x0800aab8   0x00000074   Code   RO         5178    i.AT_CommandMODE    at_protoco.o
    0x0800ab2c   0x00000088   Code   RO         5179    i.AT_CommandOPERATORS  at_protoco.o
    0x0800abb4   0x00000050   Code   RO         5180    i.AT_CommandOUTCURRENT  at_protoco.o
    0x0800ac04   0x00000050   Code   RO         5181    i.AT_CommandOUTVOLTAGE  at_protoco.o
    0x0800ac54   0x000000bc   Code   RO         5182    i.AT_CommandPERCENT  at_protoco.o
    0x0800ad10   0x000000d4   Code   RO         5183    i.AT_CommandPORT    at_protoco.o
    0x0800ade4   0x00000080   Code   RO         5184    i.AT_CommandPWRCTL  at_protoco.o
    0x0800ae64   0x0000004c   Code   RO         5186    i.AT_CommandTEMP    at_protoco.o
    0x0800aeb0   0x00000068   Code   RO         5187    i.AT_CommandTIME    at_protoco.o
    0x0800af18   0x000000b4   Code   RO         5188    i.AT_CommandTIMEOFFSET  at_protoco.o
    0x0800afcc   0x000000c4   Code   RO         5189    i.AT_CommandUUID    at_protoco.o
    0x0800b090   0x00000050   Code   RO          655    i.AppObjCreate      rtos_task.o
    0x0800b0e0   0x000000e4   Code   RO          656    i.AppTaskCreate     rtos_task.o
    0x0800b1c4   0x0000003c   Code   RO         2017    i.Att7059xGetChannel1PowerP  att7059x.o
    0x0800b200   0x0000003c   Code   RO         2018    i.Att7059xGetChannel1PowerQ  att7059x.o
    0x0800b23c   0x0000003c   Code   RO         2019    i.Att7059xGetChannel1PowerS  att7059x.o
    0x0800b278   0x0000003c   Code   RO         2020    i.Att7059xGetCurrent1  att7059x.o
    0x0800b2b4   0x00000030   Code   RO         2022    i.Att7059xGetEnergyP  att7059x.o
    0x0800b2e4   0x00000030   Code   RO         2023    i.Att7059xGetEnergyQ  att7059x.o
    0x0800b314   0x00000030   Code   RO         2024    i.Att7059xGetEnergyS  att7059x.o
    0x0800b344   0x0000003c   Code   RO         2026    i.Att7059xGetVoltage  att7059x.o
    0x0800b380   0x00000034   Code   RO         2028    i.Att7059xGetVoltageFreq  att7059x.o
    0x0800b3b4   0x000000a4   Code   RO         2029    i.Att7059xReadOperate  att7059x.o
    0x0800b458   0x00000224   Code   RO          841    i.AutoLoopRegularTimeGroups  task_main.o
    0x0800b67c   0x00000012   Code   RO         2374    i.BKP_DeInit        stm32f10x_bkp.o
    0x0800b68e   0x00000002   PAD
    0x0800b690   0x00000010   Code   RO         2379    i.BKP_ReadBackupRegister  stm32f10x_bkp.o
    0x0800b6a0   0x00000010   Code   RO         2383    i.BKP_WriteBackupRegister  stm32f10x_bkp.o
    0x0800b6b0   0x00000002   Code   RO          871    i.BusFault_Handler  stm32f10x_it.o
    0x0800b6b2   0x00000002   PAD
    0x0800b6b4   0x0000002c   Code   RO         1999    i.CD4051B_Init      cd4051b.o
    0x0800b6e0   0x00000030   Code   RO          253    i.CRC16             common.o
    0x0800b710   0x0000001c   Code   RO         2031    i.CalAtt7059CheckSum  att7059x.o
    0x0800b72c   0x0000001a   Code   RO          255    i.CalCheckSum       common.o
    0x0800b746   0x00000002   PAD
    0x0800b748   0x0000002c   Code   RO         5063    i.ControlDeviceReset  net_protocol.o
    0x0800b774   0x00000060   Code   RO         5064    i.ControlLightLevel  net_protocol.o
    0x0800b7d4   0x00000036   Code   RO          256    i.CopyStrToPointer  common.o
    0x0800b80a   0x00000002   PAD
    0x0800b80c   0x00000060   Code   RO         1459    i.DAC1_Init         dac.o
    0x0800b86c   0x00000018   Code   RO         2737    i.DAC_Cmd           stm32f10x_dac.o
    0x0800b884   0x00000028   Code   RO         2742    i.DAC_Init          stm32f10x_dac.o
    0x0800b8ac   0x00000014   Code   RO         2743    i.DAC_SetChannel1Data  stm32f10x_dac.o
    0x0800b8c0   0x0000003c   Code   RO         1460    i.Dac1SetOutPutVoltage  dac.o
    0x0800b8fc   0x00000002   Code   RO          872    i.DebugMon_Handler  stm32f10x_it.o
    0x0800b8fe   0x00000020   Code   RO         1933    i.EXTI15_10_IRQHandler  dali.o
    0x0800b91e   0x00000002   PAD
    0x0800b920   0x0000000c   Code   RO         2912    i.EXTI_ClearITPendingBit  stm32f10x_exti.o
    0x0800b92c   0x00000020   Code   RO         2916    i.EXTI_GetITStatus  stm32f10x_exti.o
    0x0800b94c   0x00000070   Code   RO         2917    i.EXTI_Init         stm32f10x_exti.o
    0x0800b9bc   0x00000098   Code   RO         3263    i.GPIO_Init         stm32f10x_gpio.o
    0x0800ba54   0x00000058   Code   RO         3265    i.GPIO_PinRemapConfig  stm32f10x_gpio.o
    0x0800baac   0x0000000e   Code   RO         3267    i.GPIO_ReadInputDataBit  stm32f10x_gpio.o
    0x0800baba   0x00000004   Code   RO         3270    i.GPIO_ResetBits    stm32f10x_gpio.o
    0x0800babe   0x00000004   Code   RO         3271    i.GPIO_SetBits      stm32f10x_gpio.o
    0x0800bac2   0x00000024   Code   RO          257    i.GetADV            common.o
    0x0800bae6   0x00000002   PAD
    0x0800bae8   0x00000020   Code   RO          258    i.GetAPN            common.o
    0x0800bb08   0x00000016   Code   RO          259    i.GetDatBit         common.o
    0x0800bb1e   0x00000002   PAD
    0x0800bb20   0x00000020   Code   RO          260    i.GetDeviceICCID    common.o
    0x0800bb40   0x00000020   Code   RO          261    i.GetDeviceID       common.o
    0x0800bb60   0x00000020   Code   RO          262    i.GetDeviceIMSI     common.o
    0x0800bb80   0x0000002c   Code   RO         5065    i.GetDeviceInfo     net_protocol.o
    0x0800bbac   0x00000020   Code   RO          263    i.GetDeviceName     common.o
    0x0800bbcc   0x00000020   Code   RO          264    i.GetDeviceUUID     common.o
    0x0800bbec   0x000000bc   Code   RO          265    i.GetMemoryForString  common.o
    0x0800bca8   0x00000020   Code   RO          266    i.GetServerDomain   common.o
    0x0800bcc8   0x00000020   Code   RO          267    i.GetServerIP       common.o
    0x0800bce8   0x00000020   Code   RO          268    i.GetServerPort     common.o
    0x0800bd08   0x0000000c   Code   RO          272    i.GetSysTick1s      common.o
    0x0800bd14   0x00000070   Code   RO         5066    i.GetTimeDateFromServer  net_protocol.o
    0x0800bd84   0x00000020   Code   RO          873    i.HardFault_Handler  stm32f10x_it.o
    0x0800bda4   0x00000038   Code   RO          273    i.HexToStr          common.o
    0x0800bddc   0x00000050   Code   RO         1070    i.IIC1_Ack          iic1.o
    0x0800be2c   0x00000040   Code   RO         1071    i.IIC1_Init         iic1.o
    0x0800be6c   0x00000050   Code   RO         1072    i.IIC1_NAck         iic1.o
    0x0800bebc   0x00000074   Code   RO         1073    i.IIC1_Read_Byte    iic1.o
    0x0800bf30   0x00000074   Code   RO         1074    i.IIC1_Send_Byte    iic1.o
    0x0800bfa4   0x00000050   Code   RO         1075    i.IIC1_Start        iic1.o
    0x0800bff4   0x00000050   Code   RO         1076    i.IIC1_Stop         iic1.o
    0x0800c044   0x0000006c   Code   RO         1077    i.IIC1_Wait_Ack     iic1.o
    0x0800c0b0   0x00000010   Code   RO         3575    i.IWDG_Enable       stm32f10x_iwdg.o
    0x0800c0c0   0x00000004   Code   RO         1046    i.IWDG_Feed         sys.o
    0x0800c0c4   0x00000026   Code   RO         1047    i.IWDG_Init         sys.o
    0x0800c0ea   0x00000002   PAD
    0x0800c0ec   0x00000010   Code   RO         3577    i.IWDG_ReloadCounter  stm32f10x_iwdg.o
    0x0800c0fc   0x0000000c   Code   RO         3578    i.IWDG_SetPrescaler  stm32f10x_iwdg.o
    0x0800c108   0x0000000c   Code   RO         3579    i.IWDG_SetReload    stm32f10x_iwdg.o
    0x0800c114   0x0000000c   Code   RO         3580    i.IWDG_WriteAccessCmd  stm32f10x_iwdg.o
    0x0800c120   0x00000048   Code   RO          274    i.IntToString       common.o
    0x0800c168   0x0000016c   Code   RO         1624    i.InventrGetOutPutCurrent  inventr.o
    0x0800c2d4   0x0000016c   Code   RO         1625    i.InventrGetOutPutVoltage  inventr.o
    0x0800c440   0x0000011c   Code   RO         1626    i.InventrSetLightLevel  inventr.o
    0x0800c55c   0x00000026   Code   RO         1181    i.Is_Leap_Year      rtc.o
    0x0800c582   0x00000002   PAD
    0x0800c584   0x00000034   Code   RO         1611    i.LED_Init          led.o
    0x0800c5b8   0x00000002   Code   RO          874    i.MemManage_Handler  stm32f10x_it.o
    0x0800c5ba   0x0000003c   Code   RO          275    i.MyStrstr          common.o
    0x0800c5f6   0x00000002   Code   RO          875    i.NMI_Handler       stm32f10x_it.o
    0x0800c5f8   0x000000d8   Code   RO         1048    i.NVIC_Configuration  sys.o
    0x0800c6d0   0x00000064   Code   RO         2114    i.NVIC_Init         misc.o
    0x0800c734   0x00000014   Code   RO         2115    i.NVIC_PriorityGroupConfig  misc.o
    0x0800c748   0x00000154   Code   RO         5067    i.NetDataAnalysis   net_protocol.o
    0x0800c89c   0x000000c8   Code   RO         5068    i.NetDataFrameHandle  net_protocol.o
    0x0800c964   0x0000003c   Code   RO          793    i.OnServerHandle    task_net.o
    0x0800c9a0   0x0000000c   Code   RO         1914    i.PWMSetLightLevel  pwm.o
    0x0800c9ac   0x0000000c   Code   RO         3617    i.PWR_BackupAccessCmd  stm32f10x_pwr.o
    0x0800c9b8   0x0000005c   Code   RO         5190    i.PackAT_CommandRespone  at_protoco.o
    0x0800ca14   0x00000008   Code   RO         5069    i.PackAckPacket     net_protocol.o
    0x0800ca1c   0x000000c0   Code   RO          276    i.PackNetData       common.o
    0x0800cadc   0x00000018   Code   RO         3679    i.RCC_APB1PeriphClockCmd  stm32f10x_rcc.o
    0x0800caf4   0x00000018   Code   RO         3680    i.RCC_APB1PeriphResetCmd  stm32f10x_rcc.o
    0x0800cb0c   0x00000018   Code   RO         3681    i.RCC_APB2PeriphClockCmd  stm32f10x_rcc.o
    0x0800cb24   0x00000018   Code   RO         3682    i.RCC_APB2PeriphResetCmd  stm32f10x_rcc.o
    0x0800cb3c   0x0000000c   Code   RO         3684    i.RCC_BackupResetCmd  stm32f10x_rcc.o
    0x0800cb48   0x00000094   Code   RO         3689    i.RCC_GetClocksFreq  stm32f10x_rcc.o
    0x0800cbdc   0x00000030   Code   RO         3690    i.RCC_GetFlagStatus  stm32f10x_rcc.o
    0x0800cc0c   0x00000020   Code   RO         3697    i.RCC_LSEConfig     stm32f10x_rcc.o
    0x0800cc2c   0x0000000c   Code   RO         3704    i.RCC_RTCCLKCmd     stm32f10x_rcc.o
    0x0800cc38   0x00000010   Code   RO         3705    i.RCC_RTCCLKConfig  stm32f10x_rcc.o
    0x0800cc48   0x00000034   Code   RO         1628    i.RELAY_Init        inventr.o
    0x0800cc7c   0x00000010   Code   RO         3878    i.RTC_ClearITPendingBit  stm32f10x_rtc.o
    0x0800cc8c   0x00000010   Code   RO         3879    i.RTC_EnterConfigMode  stm32f10x_rtc.o
    0x0800cc9c   0x00000010   Code   RO         3880    i.RTC_ExitConfigMode  stm32f10x_rtc.o
    0x0800ccac   0x000000cc   Code   RO         1182    i.RTC_Get           rtc.o
    0x0800cd78   0x00000014   Code   RO         3881    i.RTC_GetCounter    stm32f10x_rtc.o
    0x0800cd8c   0x00000020   Code   RO         3884    i.RTC_GetITStatus   stm32f10x_rtc.o
    0x0800cdac   0x0000004c   Code   RO         1183    i.RTC_Get_Week      rtc.o
    0x0800cdf8   0x0000001c   Code   RO         1184    i.RTC_IRQHandler    rtc.o
    0x0800ce14   0x00000018   Code   RO         3885    i.RTC_ITConfig      stm32f10x_rtc.o
    0x0800ce2c   0x000000d6   Code   RO         1185    i.RTC_Init          rtc.o
    0x0800cf02   0x00000002   PAD
    0x0800cf04   0x000000d0   Code   RO         1186    i.RTC_Set           rtc.o
    0x0800cfd4   0x00000020   Code   RO         3887    i.RTC_SetCounter    stm32f10x_rtc.o
    0x0800cff4   0x00000020   Code   RO         3888    i.RTC_SetPrescaler  stm32f10x_rtc.o
    0x0800d014   0x00000010   Code   RO         3889    i.RTC_WaitForLastTask  stm32f10x_rtc.o
    0x0800d024   0x00000018   Code   RO         3890    i.RTC_WaitForSynchro  stm32f10x_rtc.o
    0x0800d03c   0x00000044   Code   RO          277    i.ReadAPN           common.o
    0x0800d080   0x00000068   Code   RO          278    i.ReadBootLoaderVersion  common.o
    0x0800d0e8   0x0000004c   Code   RO          279    i.ReadDataFromEepromToHoldBuf  common.o
    0x0800d134   0x00000058   Code   RO          280    i.ReadDeviceICCID   common.o
    0x0800d18c   0x00000040   Code   RO          281    i.ReadDeviceID      common.o
    0x0800d1cc   0x00000050   Code   RO          282    i.ReadDeviceIMSI    common.o
    0x0800d21c   0x00000044   Code   RO          283    i.ReadDeviceName    common.o
    0x0800d260   0x00000054   Code   RO          284    i.ReadDeviceUUID    common.o
    0x0800d2b4   0x00000068   Code   RO          285    i.ReadHardWareVersion  common.o
    0x0800d31c   0x00000050   Code   RO          287    i.ReadOTAInfo       common.o
    0x0800d36c   0x0000002c   Code   RO          288    i.ReadOperators     common.o
    0x0800d398   0x00000054   Code   RO          289    i.ReadParametersFromEEPROM  common.o
    0x0800d3ec   0x0000002c   Code   RO          290    i.ReadPowerINTFCC   common.o
    0x0800d418   0x00000128   Code   RO          291    i.ReadRegularTimeGroups  common.o
    0x0800d540   0x00000054   Code   RO          292    i.ReadServerDomain  common.o
    0x0800d594   0x00000050   Code   RO          293    i.ReadServerIP      common.o
    0x0800d5e4   0x00000044   Code   RO          294    i.ReadServerPort    common.o
    0x0800d628   0x00000038   Code   RO          295    i.ReadSoftWareVersion  common.o
    0x0800d660   0x0000002c   Code   RO          297    i.ReadTimeZone      common.o
    0x0800d68c   0x0000002c   Code   RO          298    i.ReadUpLoadINVL    common.o
    0x0800d6b8   0x000000b8   Code   RO          299    i.RegularTimeGroupAdd  common.o
    0x0800d770   0x000000ec   Code   RO          300    i.RegularTimeGroupSub  common.o
    0x0800d85c   0x00000026   Code   RO          301    i.RemoveAllStrategy  common.o
    0x0800d882   0x00000002   PAD
    0x0800d884   0x000000c8   Code   RO         1884    i.SendCmd           at_cmd.o
    0x0800d94c   0x00000060   Code   RO          794    i.SendSensorDataToIOTPlatform  task_net.o
    0x0800d9ac   0x00000054   Code   RO         5070    i.SetDevicePowerINTFC  net_protocol.o
    0x0800da00   0x00000054   Code   RO         5071    i.SetDeviceUUID     net_protocol.o
    0x0800da54   0x00000050   Code   RO         5072    i.SetDeviceUpLoadINCL  net_protocol.o
    0x0800daa4   0x00000038   Code   RO         5073    i.SetDeviceWorkMode  net_protocol.o
    0x0800dadc   0x00000084   Code   RO         1629    i.SetLightLevel     inventr.o
    0x0800db60   0x00000158   Code   RO         5074    i.SetRegularTimeGroups  net_protocol.o
    0x0800dcb8   0x000000a8   Code   RO          934    i.SetSysClockTo72   system_stm32f10x.o
    0x0800dd60   0x0000000c   Code   RO          302    i.SetSysTick1s      common.o
    0x0800dd6c   0x000000ac   Code   RO         5075    i.SetUpdateFirmWareInfo  net_protocol.o
    0x0800de18   0x0000004c   Code   RO          303    i.StrToHex          common.o
    0x0800de64   0x00000054   Code   RO          304    i.StringToInt       common.o
    0x0800deb8   0x000000e0   Code   RO          795    i.SyncDataTimeFormBcxxModule  task_net.o
    0x0800df98   0x000000d4   Code   RO         1187    i.SyncTimeFromNet   rtc.o
    0x0800e06c   0x00000010   Code   RO          305    i.SysTick100msAdder  common.o
    0x0800e07c   0x00000010   Code   RO          306    i.SysTick10msAdder  common.o
    0x0800e08c   0x00000010   Code   RO          307    i.SysTick1msAdder   common.o
    0x0800e09c   0x00000018   Code   RO         2118    i.SysTick_CLKSourceConfig  misc.o
    0x0800e0b4   0x0000001c   Code   RO          963    i.SysTick_Handler   delay.o
    0x0800e0d0   0x00000050   Code   RO          936    i.SystemInit        system_stm32f10x.o
    0x0800e120   0x0000004c   Code   RO         1237    i.TIM2_IRQHandler   usart.o
    0x0800e16c   0x00000040   Code   RO         1238    i.TIM2_Init         usart.o
    0x0800e1ac   0x00000098   Code   RO         1915    i.TIM5_Int_Init     pwm.o
    0x0800e244   0x00000014   Code   RO         4298    i.TIM_ARRPreloadConfig  stm32f10x_tim.o
    0x0800e258   0x00000006   Code   RO         4305    i.TIM_ClearITPendingBit  stm32f10x_tim.o
    0x0800e25e   0x00000014   Code   RO         4310    i.TIM_Cmd           stm32f10x_tim.o
    0x0800e272   0x00000016   Code   RO         4312    i.TIM_CtrlPWMOutputs  stm32f10x_tim.o
    0x0800e288   0x00000018   Code   RO         4331    i.TIM_GetITStatus   stm32f10x_tim.o
    0x0800e2a0   0x00000010   Code   RO         4335    i.TIM_ITConfig      stm32f10x_tim.o
    0x0800e2b0   0x00000080   Code   RO         4344    i.TIM_OC2Init       stm32f10x_tim.o
    0x0800e330   0x00000014   Code   RO         4347    i.TIM_OC2PreloadConfig  stm32f10x_tim.o
    0x0800e344   0x00000004   Code   RO         4372    i.TIM_SetCompare2   stm32f10x_tim.o
    0x0800e348   0x0000009c   Code   RO         4381    i.TIM_TimeBaseInit  stm32f10x_tim.o
    0x0800e3e4   0x0000004c   Code   RO          796    i.TryToConnectToServer  task_net.o
    0x0800e430   0x00000098   Code   RO         1239    i.UART4_IRQHandler  usart.o
    0x0800e4c8   0x00000098   Code   RO         1240    i.UART4_Init        usart.o
    0x0800e560   0x00000098   Code   RO         1241    i.UART5_IRQHandler  usart.o
    0x0800e5f8   0x000000e4   Code   RO         1242    i.UART5_Init        usart.o
    0x0800e6dc   0x00000098   Code   RO         1243    i.USART1_IRQHandler  usart.o
    0x0800e774   0x00000094   Code   RO         1244    i.USART1_Init       usart.o
    0x0800e808   0x00000104   Code   RO         1404    i.USART2_IRQHandler  usart2.o
    0x0800e90c   0x000000d0   Code   RO         1405    i.USART2_Init       usart2.o
    0x0800e9dc   0x00000044   Code   RO         1406    i.USART2_Write      usart2.o
    0x0800ea20   0x00000098   Code   RO         1245    i.USART3_IRQHandler  usart.o
    0x0800eab8   0x0000009c   Code   RO         1246    i.USART3_Init       usart.o
    0x0800eb54   0x00000006   Code   RO         4829    i.USART_ClearFlag   stm32f10x_usart.o
    0x0800eb5a   0x00000014   Code   RO         4833    i.USART_Cmd         stm32f10x_usart.o
    0x0800eb6e   0x00000002   PAD
    0x0800eb70   0x00000074   Code   RO         4835    i.USART_DeInit      stm32f10x_usart.o
    0x0800ebe4   0x0000000e   Code   RO         4836    i.USART_GetFlagStatus  stm32f10x_usart.o
    0x0800ebf2   0x0000003e   Code   RO         4837    i.USART_GetITStatus  stm32f10x_usart.o
    0x0800ec30   0x00000030   Code   RO         4839    i.USART_ITConfig    stm32f10x_usart.o
    0x0800ec60   0x000000b4   Code   RO         4840    i.USART_Init        stm32f10x_usart.o
    0x0800ed14   0x00000008   Code   RO         4847    i.USART_ReceiveData  stm32f10x_usart.o
    0x0800ed1c   0x00000008   Code   RO         4850    i.USART_SendData    stm32f10x_usart.o
    0x0800ed24   0x00000010   Code   RO         5076    i.UnPackAckPacket   net_protocol.o
    0x0800ed34   0x000000b2   Code   RO          308    i.UnPackSensorData  common.o
    0x0800ede6   0x00000002   Code   RO          876    i.UsageFault_Handler  stm32f10x_it.o
    0x0800ede8   0x00000050   Code   RO         1247    i.Usart1FrameSend   usart.o
    0x0800ee38   0x00000024   Code   RO         1248    i.Usart1ReciveFrameEnd  usart.o
    0x0800ee5c   0x00000050   Code   RO         1249    i.Usart3FrameSend   usart.o
    0x0800eeac   0x00000024   Code   RO         1250    i.Usart3ReciveFrameEnd  usart.o
    0x0800eed0   0x00000050   Code   RO         1251    i.Usart4FrameSend   usart.o
    0x0800ef20   0x00000024   Code   RO         1252    i.Usart4ReciveFrameEnd  usart.o
    0x0800ef44   0x0000005c   Code   RO         1253    i.Usart5FrameSend   usart.o
    0x0800efa0   0x00000024   Code   RO         1254    i.Usart5ReciveFrameEnd  usart.o
    0x0800efc4   0x00000068   Code   RO         1255    i.UsartSendString   usart.o
    0x0800f02c   0x00000038   Code   RO          309    i.WriteDataFromHoldBufToEeprom  common.o
    0x0800f064   0x00000080   Code   RO          310    i.WriteOTAInfo      common.o
    0x0800f0e4   0x00000028   Code   RO         6624    i.__ARM_fpclassify  m_ws.l(fpclassify.o)
    0x0800f10c   0x0000000e   Code   RO         6392    i._is_digit         c_w.l(__printf_wp.o)
    0x0800f11a   0x00000002   Code   RO         1256    i._sys_exit         usart.o
    0x0800f11c   0x00000068   Code   RO         1681    i.bcxx_get_AT_CCLK  bcxx.o
    0x0800f184   0x000000b4   Code   RO         1682    i.bcxx_get_AT_CGPADDR  bcxx.o
    0x0800f238   0x000000a4   Code   RO         1683    i.bcxx_get_AT_CGSN  bcxx.o
    0x0800f2dc   0x00000088   Code   RO         1684    i.bcxx_get_AT_CIMI  bcxx.o
    0x0800f364   0x00000084   Code   RO         1685    i.bcxx_get_AT_CSQ   bcxx.o
    0x0800f3e8   0x00000090   Code   RO         1686    i.bcxx_get_AT_NCCID  bcxx.o
    0x0800f478   0x00000058   Code   RO         1687    i.bcxx_hard_init    bcxx.o
    0x0800f4d0   0x00000054   Code   RO         1688    i.bcxx_hard_reset   bcxx.o
    0x0800f524   0x00000038   Code   RO         1689    i.bcxx_set_AT_ATE   bcxx.o
    0x0800f55c   0x00000044   Code   RO         1690    i.bcxx_set_AT_CEDRXS  bcxx.o
    0x0800f5a0   0x0000003c   Code   RO         1691    i.bcxx_set_AT_CELL_RESELECTION  bcxx.o
    0x0800f5dc   0x00000040   Code   RO         1692    i.bcxx_set_AT_CEREG  bcxx.o
    0x0800f61c   0x00000044   Code   RO         1693    i.bcxx_set_AT_CFUN  bcxx.o
    0x0800f660   0x00000040   Code   RO         1694    i.bcxx_set_AT_CGATT  bcxx.o
    0x0800f6a0   0x00000040   Code   RO         1695    i.bcxx_set_AT_CPSMS  bcxx.o
    0x0800f6e0   0x00000040   Code   RO         1696    i.bcxx_set_AT_CSCON  bcxx.o
    0x0800f720   0x0000008c   Code   RO         1697    i.bcxx_set_AT_NBAND  bcxx.o
    0x0800f7ac   0x0000003c   Code   RO         1701    i.bcxx_set_AT_NRB   bcxx.o
    0x0800f7e8   0x0000004c   Code   RO         1703    i.bcxx_set_AT_NSOCO  bcxx.o
    0x0800f834   0x00000090   Code   RO         1704    i.bcxx_set_AT_NSOCR  bcxx.o
    0x0800f8c4   0x00000040   Code   RO         1706    i.bcxx_set_AT_NSONMI  bcxx.o
    0x0800f904   0x00000068   Code   RO         1707    i.bcxx_set_AT_NSOSD  bcxx.o
    0x0800f96c   0x00000040   Code   RO         1708    i.bcxx_set_AT_QREGSWT  bcxx.o
    0x0800f9ac   0x000000b0   Code   RO         1709    i.bcxx_set_NATSPEED  bcxx.o
    0x0800fa5c   0x000000e4   Code   RO         1710    i.bcxx_soft_init    bcxx.o
    0x0800fb40   0x0000004c   Code   RO         2000    i.cd4051b_set_channel  cd4051b.o
    0x0800fb8c   0x00000034   Code   RO         1937    i.dali_receive_data  dali.o
    0x0800fbc0   0x00000034   Code   RO          964    i.delay_init        delay.o
    0x0800fbf4   0x0000003c   Code   RO          965    i.delay_ms          delay.o
    0x0800fc30   0x00000044   Code   RO          969    i.delay_us          delay.o
    0x0800fc74   0x00000050   Code   RO         5383    i.fifo_get          fifo.o
    0x0800fcc4   0x00000048   Code   RO         5384    i.fifo_init         fifo.o
    0x0800fd0c   0x00000040   Code   RO         5385    i.fifo_put          fifo.o
    0x0800fd4c   0x0000005a   Code   RO          311    i.find_str          common.o
    0x0800fda6   0x00000002   PAD
    0x0800fda8   0x00000018   Code   RO         1257    i.fputc             usart.o
    0x0800fdc0   0x00000068   Code   RO          312    i.get_str1          common.o
    0x0800fe28   0x000000ac   Code   RO            1    i.main              main.o
    0x0800fed4   0x00000040   Code   RO         5410    i.mem_free          malloc.o
    0x0800ff14   0x00000028   Code   RO         5411    i.mem_init          malloc.o
    0x0800ff3c   0x00000060   Code   RO         5412    i.mem_malloc        malloc.o
    0x0800ff9c   0x0000002c   Code   RO         5413    i.mem_perused       malloc.o
    0x0800ffc8   0x00000026   Code   RO         5353    i.memb_alloc        memb.o
    0x0800ffee   0x0000002c   Code   RO         5354    i.memb_free         memb.o
    0x0801001a   0x0000001c   Code   RO         5355    i.memb_init         memb.o
    0x08010036   0x00000002   PAD
    0x08010038   0x00000014   Code   RO         5414    i.myfree            malloc.o
    0x0801004c   0x0000001c   Code   RO         5415    i.mymalloc          malloc.o
    0x08010068   0x0000000c   Code   RO         5417    i.mymemset          malloc.o
    0x08010074   0x0000005a   Code   RO         5569    i.nbiot_atoi        utils.o
    0x080100ce   0x00000006   Code   RO          970    i.nbiot_sleep       delay.o
    0x080100d4   0x00000018   Code   RO         5548    i.nbiot_udp_recv    socket.o
    0x080100ec   0x00000058   Code   RO         1712    i.netif_rx          bcxx.o
    0x08010144   0x00000034   Code   RO         6026    i.prvAddCurrentTaskToDelayedList  tasks.o
    0x08010178   0x00000058   Code   RO         6027    i.prvCheckTasksWaitingTermination  tasks.o
    0x080101d0   0x00000026   Code   RO         5854    i.prvCopyDataFromQueue  queue.o
    0x080101f6   0x0000006e   Code   RO         5855    i.prvCopyDataToQueue  queue.o
    0x08010264   0x00000028   Code   RO         6028    i.prvIdleTask       tasks.o
    0x0801028c   0x00000020   Code   RO         6030    i.prvResetNextTaskUnblockTime  tasks.o
    0x080102ac   0x00000014   Code   RO         6031    i.prvTaskCheckFreeStackSpace  tasks.o
    0x080102c0   0x00000020   Code   RO         5784    i.prvTaskExitError  port.o
    0x080102e0   0x00000064   Code   RO         5856    i.prvUnlockQueue    queue.o
    0x08010344   0x00000018   Code   RO         6033    i.pvTaskIncrementMutexHeldCount  tasks.o
    0x0801035c   0x00000020   Code   RO         5785    i.pxPortInitialiseStack  port.o
    0x0801037c   0x00000010   Code   RO         1886    i.register_cmd_handler  at_cmd.o
    0x0801038c   0x0000000e   Code   RO         5479    i.ringbuf_clear     ringbuf.o
    0x0801039a   0x0000000c   Code   RO         5480    i.ringbuf_elements  ringbuf.o
    0x080103a6   0x0000000e   Code   RO         5482    i.ringbuf_init      ringbuf.o
    0x080103b4   0x00000024   Code   RO         5483    i.ringbuf_put       ringbuf.o
    0x080103d8   0x00000018   Code   RO          315    i.search_str        common.o
    0x080103f0   0x00000024   Code   RO         5747    i.uxListRemove      list.o
    0x08010414   0x00000010   Code   RO         6036    i.uxTaskGetStackHighWaterMark  tasks.o
    0x08010424   0x00000016   Code   RO         5748    i.vListInitialise   list.o
    0x0801043a   0x00000006   Code   RO         5749    i.vListInitialiseItem  list.o
    0x08010440   0x00000030   Code   RO         5750    i.vListInsert       list.o
    0x08010470   0x00000018   Code   RO         5751    i.vListInsertEnd    list.o
    0x08010488   0x00000048   Code   RO         5787    i.vPortEnterCritical  port.o
    0x080104d0   0x00000028   Code   RO         5788    i.vPortExitCritical  port.o
    0x080104f8   0x00000020   Code   RO         5789    i.vPortSetupTimerInterrupt  port.o
    0x08010518   0x00000068   Code   RO         6042    i.vTaskDelay        tasks.o
    0x08010580   0x000000e4   Code   RO          738    i.vTaskHCI          task_hci.o
    0x08010664   0x0000006c   Code   RO          719    i.vTaskLED          task_led.o
    0x080106d0   0x0000009c   Code   RO          842    i.vTaskMAIN         task_main.o
    0x0801076c   0x0000000c   Code   RO         6046    i.vTaskMissedYield  tasks.o
    0x08010778   0x00000088   Code   RO          797    i.vTaskNET          task_net.o
    0x08010800   0x00000064   Code   RO         6048    i.vTaskPlaceOnEventList  tasks.o
    0x08010864   0x00000084   Code   RO         6050    i.vTaskPriorityInherit  tasks.o
    0x080108e8   0x00000280   Code   RO          761    i.vTaskSENSOR       task_sensor.o
    0x08010b68   0x00000024   Code   RO         6054    i.vTaskSetTimeOutState  tasks.o
    0x08010b8c   0x00000068   Code   RO         6055    i.vTaskStartScheduler  tasks.o
    0x08010bf4   0x00000010   Code   RO         6057    i.vTaskSuspendAll   tasks.o
    0x08010c04   0x0000005c   Code   RO         6058    i.vTaskSwitchContext  tasks.o
    0x08010c60   0x0000007c   Code   RO         5792    i.xPortStartScheduler  port.o
    0x08010cdc   0x0000002c   Code   RO         5793    i.xPortSysTickHandler  port.o
    0x08010d08   0x0000004a   Code   RO         5867    i.xQueueCreateMutex  queue.o
    0x08010d52   0x00000064   Code   RO         5868    i.xQueueGenericCreate  queue.o
    0x08010db6   0x00000002   PAD
    0x08010db8   0x00000178   Code   RO         5869    i.xQueueGenericReceive  queue.o
    0x08010f30   0x00000084   Code   RO         5870    i.xQueueGenericReset  queue.o
    0x08010fb4   0x00000164   Code   RO         5871    i.xQueueGenericSend  queue.o
    0x08011118   0x0000006c   Code   RO         6059    i.xTaskCheckForTimeOut  tasks.o
    0x08011184   0x000001cc   Code   RO         6060    i.xTaskGenericCreate  tasks.o
    0x08011350   0x0000001c   Code   RO         6064    i.xTaskGetSchedulerState  tasks.o
    0x0801136c   0x000000cc   Code   RO         6067    i.xTaskIncrementTick  tasks.o
    0x08011438   0x00000098   Code   RO         6070    i.xTaskPriorityDisinherit  tasks.o
    0x080114d0   0x00000074   Code   RO         6071    i.xTaskRemoveFromEventList  tasks.o
    0x08011544   0x000000c4   Code   RO         6073    i.xTaskResumeAll    tasks.o
    0x08011608   0x0000002c   Code   RO         6613    locale$$code        c_w.l(lc_ctype_c.o)
    0x08011634   0x0000002c   Code   RO         6616    locale$$code        c_w.l(lc_numeric_c.o)
    0x08011660   0x0000000c   Code   RO         6550    x$fpl$dretinf       fz_ws.l(dretinf.o)
    0x0801166c   0x00000056   Code   RO         6456    x$fpl$f2d           fz_ws.l(f2d.o)
    0x080116c2   0x00000002   PAD
    0x080116c4   0x000000c4   Code   RO         6458    x$fpl$fadd          fz_ws.l(faddsub_clz.o)
    0x08011788   0x00000184   Code   RO         6465    x$fpl$fdiv          fz_ws.l(fdiv.o)
    0x0801190c   0x00000036   Code   RO         6468    x$fpl$ffix          fz_ws.l(ffix.o)
    0x08011942   0x00000002   PAD
    0x08011944   0x0000003e   Code   RO         6472    x$fpl$ffixu         fz_ws.l(ffixu.o)
    0x08011982   0x00000002   PAD
    0x08011984   0x00000030   Code   RO         6477    x$fpl$fflt          fz_ws.l(fflt_clz.o)
    0x080119b4   0x00000026   Code   RO         6476    x$fpl$ffltu         fz_ws.l(fflt_clz.o)
    0x080119da   0x00000002   PAD
    0x080119dc   0x00000102   Code   RO         6482    x$fpl$fmul          fz_ws.l(fmul.o)
    0x08011ade   0x0000008c   Code   RO         6552    x$fpl$fnaninf       fz_ws.l(fnaninf.o)
    0x08011b6a   0x0000000a   Code   RO         6554    x$fpl$fretinf       fz_ws.l(fretinf.o)
    0x08011b74   0x000000ea   Code   RO         6460    x$fpl$fsub          fz_ws.l(faddsub_clz.o)
    0x08011c5e   0x00000004   Code   RO         6484    x$fpl$printf1       fz_ws.l(printf1.o)
    0x08011c62   0x00000000   Code   RO         6556    x$fpl$usenofp       fz_ws.l(usenofp.o)
    0x08011c62   0x00000018   Data   RO         1189    .constdata          rtc.o
    0x08011c7a   0x00000028   Data   RO         6365    .constdata          c_w.l(_printf_hex_int.o)
    0x08011ca2   0x00000011   Data   RO         6395    .constdata          c_w.l(__printf_flags_wp.o)
    0x08011cb3   0x0000000c   Data   RO         6504    .constdata          c_w.l(_monlen.o)
    0x08011cbf   0x00000001   PAD
    0x08011cc0   0x00000094   Data   RO         6584    .constdata          c_w.l(bigflt0.o)
    0x08011d54   0x00000020   Data   RO         6711    Region$$Table       anon$$obj.o
    0x08011d74   0x00000110   Data   RO         6612    locale$$data        c_w.l(lc_ctype_c.o)
    0x08011e84   0x0000001c   Data   RO         6615    locale$$data        c_w.l(lc_numeric_c.o)


    Execution Region RW_IRAM1 (Base: 0x20000000, Size: 0x0000b2d0, Max: 0x00010000, ABSOLUTE, COMPRESSED[0x00000174])

    Base Addr    Size         Type   Attr      Idx    E Section Name        Object

    0x20000000   0x00000266   Data   RW          319    .data               common.o
    0x20000266   0x00000002   PAD
    0x20000268   0x00000004   Data   RW          320    .data               common.o
    0x2000026c   0x00000004   Data   RW          321    .data               common.o
    0x20000270   0x00000004   Data   RW          322    .data               common.o
    0x20000274   0x00000004   Data   RW          323    .data               common.o
    0x20000278   0x00000004   Data   RW          325    .data               common.o
    0x2000027c   0x00000001   Data   RW          326    .data               common.o
    0x2000027d   0x00000001   Data   RW          328    .data               common.o
    0x2000027e   0x00000001   Data   RW          329    .data               common.o
    0x2000027f   0x00000001   PAD
    0x20000280   0x00000004   Data   RW          330    .data               common.o
    0x20000284   0x00000004   Data   RW          720    .data               task_led.o
    0x20000288   0x00000004   Data   RW          739    .data               task_hci.o
    0x2000028c   0x00000004   Data   RW          740    .data               task_hci.o
    0x20000290   0x00000028   Data   RW          762    .data               task_sensor.o
    0x200002b8   0x00000004   Data   RW          763    .data               task_sensor.o
    0x200002bc   0x00000004   Data   RW          798    .data               task_net.o
    0x200002c0   0x0000000c   Data   RW          799    .data               task_net.o
    0x200002cc   0x00000004   Data   RW          843    .data               task_main.o
    0x200002d0   0x00000002   Data   RW          844    .data               task_main.o
    0x200002d2   0x00000002   PAD
    0x200002d4   0x00000014   Data   RW          937    .data               system_stm32f10x.o
    0x200002e8   0x00000008   Data   RW          972    .data               delay.o
    0x200002f0   0x00000002   Data   RW         1190    .data               rtc.o
    0x200002f2   0x00000032   Data   RW         1259    .data               usart.o
    0x20000324   0x00000004   Data   RW         1260    .data               usart.o
    0x20000328   0x00000010   Data   RW         1409    .data               usart2.o
    0x20000338   0x00000001   Data   RW         1410    .data               usart2.o
    0x20000339   0x00000003   PAD
    0x2000033c   0x00000004   Data   RW         1531    .data               sht2x.o
    0x20000340   0x00000004   Data   RW         1532    .data               sht2x.o
    0x20000344   0x00000004   Data   RW         1579    .data               bh1750.o
    0x20000348   0x0000000c   Data   RW         1630    .data               inventr.o
    0x20000354   0x00000004   Data   RW         1631    .data               inventr.o
    0x20000358   0x00000004   Data   RW         1632    .data               inventr.o
    0x2000035c   0x00000004   Data   RW         1633    .data               inventr.o
    0x20000360   0x00000004   Data   RW         1634    .data               inventr.o
    0x20000364   0x00000001   Data   RW         1715    .data               bcxx.o
    0x20000365   0x00000003   PAD
    0x20000368   0x0000000c   Data   RW         1887    .data               at_cmd.o
    0x20000374   0x0000000c   Data   RW         1942    .data               dali.o
    0x20000380   0x00000030   Data   RW         2032    .data               att7059x.o
    0x200003b0   0x00000014   Data   RW         3709    .data               stm32f10x_rcc.o
    0x200003c4   0x00000002   Data   RW         5077    .data               net_protocol.o
    0x200003c6   0x00000001   Data   RW         5192    .data               at_protoco.o
    0x200003c7   0x00000001   PAD
    0x200003c8   0x00000008   Data   RW         5386    .data               fifo.o
    0x200003d0   0x00000014   Data   RW         5424    .data               malloc.o
    0x200003e4   0x0000000c   Data   RW         5794    .data               port.o
    0x200003f0   0x00000038   Data   RW         6076    .data               tasks.o
    0x20000428   0x00000014   Zero   RW            3    .bss                main.o
    0x2000043c   0x00000200   Zero   RW          316    .bss                common.o
    0x2000063c   0x0000000a   Zero   RW         1188    .bss                rtc.o
    0x20000646   0x00000420   Zero   RW         1258    .bss                usart.o
    0x20000a66   0x00000002   PAD
    0x20000a68   0x00000418   Zero   RW         1407    .bss                usart2.o
    0x20000e80   0x00000202   Zero   RW         1408    .bss                usart2.o
    0x20001082   0x00000002   PAD
    0x20001084   0x000000d0   Zero   RW         5191    .bss                at_protoco.o
    0x20001154   0x00008000   Zero   RW         5419    .bss                malloc.o
    0x20009154   0x00000800   Zero   RW         5420    .bss                malloc.o
    0x20009954   0x00000118   Zero   RW         6075    .bss                tasks.o
    0x20009a6c   0x00000060   Zero   RW         6627    .bss                c_w.l(libspace.o)
    0x20009acc   0x00000004   PAD
    0x20009ad0   0x00000200   Zero   RW          928    HEAP                startup_stm32f10x_hd.o
    0x20009cd0   0x00001600   Zero   RW          927    STACK               startup_stm32f10x_hd.o


==============================================================================

Image component sizes


      Code (inc. data)   RO Data    RW Data    ZI Data      Debug   Object Name

       310         16          0          0          0       2267   24cxx.o
       216         20          0         12          0       2527   at_cmd.o
      5532       1366          0          1        208      20774   at_protoco.o
       688         94          0         48          0       9009   att7059x.o
      2684        700          0          1          0      16697   bcxx.o
         0          0          0          4          0        239   bh1750.o
       120         12          0          0          0       1089   cd4051b.o
      3972        466          0        641        512      37424   common.o
         0          0          0          0          0         32   core_cm3.o
       156         18          0          0          0       1095   dac.o
        84          4          0         12          0       1525   dali.o
       214         24          0          8          0       3323   delay.o
         0          0          0          0          0       8112   event_groups.o
       216         14          0          8          0       2373   fifo.o
       724         40          0          0          0       4262   iic1.o
      1196        106          0         28          0       4475   inventr.o
        52          8          0          0          0        479   led.o
       136          0          0          0          0       2782   list.o
       172         14          0          0         20     299345   main.o
       304         34          0         20      34816       5089   malloc.o
       110          0          0          0          0       1901   memb.o
         0          0          0          0          0       1308   memory.o
       144         20          0          0          0       1805   misc.o
      1680        118          0          2          0      10722   net_protocol.o
       538         60          0         12          0       6544   port.o
       164         14          0          0          0       1107   pwm.o
      1286         14          0          0          0       8358   queue.o
        76          0          0          0          0       2160   ringbuf.o
       980         48         24          2         10       5640   rtc.o
       308        122          0          0          0       6758   rtos_task.o
         0          0          0          8          0        267   sht2x.o
        24          0          0          0          0       1037   socket.o
        64         26        304          0       6144        760   startup_stm32f10x_hd.o
        50          8          0          0          0       2440   stm32f10x_bkp.o
        84         14          0          0          0       2099   stm32f10x_dac.o
       156         14          0          0          0       1900   stm32f10x_exti.o
       262          6          0          0          0       3790   stm32f10x_gpio.o
        42         10          0          0          0       2529   stm32f10x_it.o
        68         30          0          0          0       2218   stm32f10x_iwdg.o
        12          6          0          0          0        454   stm32f10x_pwr.o
       364         68          0         20          0       7592   stm32f10x_rcc.o
       228         50          0          0          0       5066   stm32f10x_rtc.o
       416         50          0          0          0       6484   stm32f10x_tim.o
       462         24          0          0          0       6446   stm32f10x_usart.o
       258          0          0          0          0       1517   sys.o
       248         24          0         20          0       1753   system_stm32f10x.o
       228         62          0          8          0        854   task_hci.o
       108          8          0          4          0        830   task_led.o
       704         56          0          6          0      17521   task_main.o
       592         68          0         16          0       3949   task_net.o
       640        102          0         44          0       2811   task_sensor.o
      2132        180          0         56        280      18024   tasks.o
      2038        200          0         54       1056      15146   usart.o
       536         98          0         17       1562       3030   usart2.o
        90          0          0          0          0        645   utils.o

    ----------------------------------------------------------------------
     31904       4436        360       1064      44612     578383   Object Totals
         0          0         32          0          0          0   (incl. Generated)
        36          0          0         12          4          0   (incl. Padding)

    ----------------------------------------------------------------------

      Code (inc. data)   RO Data    RW Data    ZI Data      Debug   Library Member Name

        90          0          0          0          0          0   __dczerorl2.o
         8          0          0          0          0         68   __main.o
       316          6         17          0          0         92   __printf_flags_wp.o
        14          0          0          0          0         68   __printf_wp.o
        52          8          0          0          0          0   __scatter.o
        28          0          0          0          0          0   __scatter_zi.o
         0          0         12          0          0          0   _monlen.o
        44          0          0          0          0        108   _printf_char.o
        48          6          0          0          0         96   _printf_char_common.o
        36          4          0          0          0         80   _printf_char_file.o
         6          0          0          0          0          0   _printf_d.o
       120         18          0          0          0         92   _printf_dec.o
         6          0          0          0          0          0   _printf_f.o
      1056          0          0          0          0        216   _printf_fp_dec.o
       128         16          0          0          0         84   _printf_fp_infnan.o
        92          4         40          0          0         88   _printf_hex_int.o
       184          0          0          0          0         88   _printf_intcommon.o
        82          0          0          0          0        108   _printf_pad.o
         0          0          0          0          0          0   _printf_percent.o
         4          0          0          0          0          0   _printf_percent_end.o
         6          0          0          0          0          0   _printf_s.o
        82          0          0          0          0         80   _printf_str.o
         6          0          0          0          0          0   _printf_x.o
        10          0          0          0          0         68   _sputc.o
        16          0          0          0          0         68   aeabi_memset.o
       228          6        148          0          0         96   bigflt0.o
      1910        128          0          0          0        672   btod.o
        12          0          0          0          0         72   exit.o
         8          0          0          0          0         68   ferror.o
         6          0          0          0          0        152   heapauxi.o
        44         10        272          0          0         76   lc_ctype_c.o
        44         10         28          0          0         76   lc_numeric_c.o
         2          0          0          0          0          0   libinit.o
        30          0          0          0          0          0   libinit2.o
         2          0          0          0          0          0   libshutdown.o
         2          0          0          0          0          0   libshutdown2.o
         8          4          0          0         96         68   libspace.o
       138          0          0          0          0         80   lludiv10.o
        88          0          0          0          0         76   memcmp.o
       420          8          0          0          0        128   mktime.o
        24          4          0          0          0         84   noretval__2printf.o
        40          6          0          0          0         84   noretval__2sprintf.o
        16          4          0          0          0         76   rt_ctype_table.o
         8          4          0          0          0         68   rt_locale_intlibspace.o
        68          0          0          0          0         68   rt_memclr.o
        78          0          0          0          0         80   rt_memclr_w.o
       138          0          0          0          0         68   rt_memcpy_v6.o
       100          0          0          0          0         80   rt_memcpy_w.o
         0          0          0          0          0          0   rtentry.o
        12          0          0          0          0          0   rtentry2.o
         6          0          0          0          0          0   rtentry4.o
         2          0          0          0          0          0   rtexit.o
        10          0          0          0          0          0   rtexit2.o
        24          0          0          0          0         68   strcat.o
       128          0          0          0          0         68   strcmpv7m.o
        62          0          0          0          0         76   strlen.o
        36          0          0          0          0         80   strstr.o
        74          0          0          0          0         80   sys_stackheap_outer.o
        30          0          0          0          0         76   toupper.o
         2          0          0          0          0         68   use_no_semi.o
         2          0          0          0          0         68   use_no_semi_2.o
        12          0          0          0          0         68   dretinf.o
        86          4          0          0          0         84   f2d.o
       430          8          0          0          0        168   faddsub_clz.o
       388         76          0          0          0         96   fdiv.o
        54          4          0          0          0         84   ffix.o
        62          4          0          0          0         84   ffixu.o
        86          0          0          0          0        136   fflt_clz.o
       258          4          0          0          0         84   fmul.o
       140          4          0          0          0         84   fnaninf.o
        10          0          0          0          0         68   fretinf.o
         4          0          0          0          0         68   printf1.o
         0          0          0          0          0          0   usenofp.o
        40          0          0          0          0         68   fpclassify.o

    ----------------------------------------------------------------------
      7826        350        518          0        100       5252   Library Totals
        20          0          1          0          4          0   (incl. Padding)

    ----------------------------------------------------------------------

      Code (inc. data)   RO Data    RW Data    ZI Data      Debug   Library Name

      6236        246        517          0         96       4160   c_w.l
      1530        104          0          0          0       1024   fz_ws.l
        40          0          0          0          0         68   m_ws.l

    ----------------------------------------------------------------------
      7826        350        518          0        100       5252   Library Totals

    ----------------------------------------------------------------------

==============================================================================


      Code (inc. data)   RO Data    RW Data    ZI Data      Debug   

     39730       4786        878       1064      44712     562679   Grand Totals
     39730       4786        878        372      44712     562679   ELF Image Totals (compressed)
     39730       4786        878        372          0          0   ROM Totals

==============================================================================

    Total RO  Size (Code + RO Data)                40608 (  39.66kB)
    Total RW  Size (RW Data + ZI Data)             45776 (  44.70kB)
    Total ROM Size (Code + RO Data + RW Data)      40980 (  40.02kB)

==============================================================================

